Component: ARM Compiler 5.06 update 7 (build 960) Tool: armlink [4d3601]

==============================================================================

Section Cross References

    startup_stm32f407xx.o(STACK) refers (Special) to heapauxi.o(.text) for __use_two_region_memory
    startup_stm32f407xx.o(HEAP) refers (Special) to heapauxi.o(.text) for __use_two_region_memory
    startup_stm32f407xx.o(RESET) refers (Special) to heapauxi.o(.text) for __use_two_region_memory
    startup_stm32f407xx.o(RESET) refers to startup_stm32f407xx.o(STACK) for __initial_sp
    startup_stm32f407xx.o(RESET) refers to startup_stm32f407xx.o(.text) for Reset_Handler
    startup_stm32f407xx.o(RESET) refers to stm32f4xx_it.o(i.NMI_Handler) for NMI_Handler
    startup_stm32f407xx.o(RESET) refers to stm32f4xx_it.o(i.HardFault_Handler) for HardFault_Handler
    startup_stm32f407xx.o(RESET) refers to stm32f4xx_it.o(i.MemManage_Handler) for MemManage_Handler
    startup_stm32f407xx.o(RESET) refers to stm32f4xx_it.o(i.BusFault_Handler) for BusFault_Handler
    startup_stm32f407xx.o(RESET) refers to stm32f4xx_it.o(i.UsageFault_Handler) for UsageFault_Handler
    startup_stm32f407xx.o(RESET) refers to stm32f4xx_it.o(i.SVC_Handler) for SVC_Handler
    startup_stm32f407xx.o(RESET) refers to stm32f4xx_it.o(i.DebugMon_Handler) for DebugMon_Handler
    startup_stm32f407xx.o(RESET) refers to stm32f4xx_it.o(i.PendSV_Handler) for PendSV_Handler
    startup_stm32f407xx.o(RESET) refers to stm32f4xx_it.o(i.SysTick_Handler) for SysTick_Handler
    startup_stm32f407xx.o(RESET) refers to stm32f4xx_it.o(i.FLASH_IRQHandler) for FLASH_IRQHandler
    startup_stm32f407xx.o(RESET) refers to stm32f4xx_it.o(i.EXTI3_IRQHandler) for EXTI3_IRQHandler
    startup_stm32f407xx.o(RESET) refers to stm32f4xx_it.o(i.EXTI4_IRQHandler) for EXTI4_IRQHandler
    startup_stm32f407xx.o(RESET) refers to stm32f4xx_it.o(i.DMA1_Stream1_IRQHandler) for DMA1_Stream1_IRQHandler
    startup_stm32f407xx.o(RESET) refers to stm32f4xx_it.o(i.DMA1_Stream2_IRQHandler) for DMA1_Stream2_IRQHandler
    startup_stm32f407xx.o(RESET) refers to stm32f4xx_it.o(i.DMA1_Stream3_IRQHandler) for DMA1_Stream3_IRQHandler
    startup_stm32f407xx.o(RESET) refers to stm32f4xx_it.o(i.DMA1_Stream4_IRQHandler) for DMA1_Stream4_IRQHandler
    startup_stm32f407xx.o(RESET) refers to stm32f4xx_it.o(i.CAN1_RX0_IRQHandler) for CAN1_RX0_IRQHandler
    startup_stm32f407xx.o(RESET) refers to stm32f4xx_it.o(i.EXTI9_5_IRQHandler) for EXTI9_5_IRQHandler
    startup_stm32f407xx.o(RESET) refers to stm32f4xx_it.o(i.TIM4_IRQHandler) for TIM4_IRQHandler
    startup_stm32f407xx.o(RESET) refers to stm32f4xx_it.o(i.I2C2_EV_IRQHandler) for I2C2_EV_IRQHandler
    startup_stm32f407xx.o(RESET) refers to stm32f4xx_it.o(i.I2C2_ER_IRQHandler) for I2C2_ER_IRQHandler
    startup_stm32f407xx.o(RESET) refers to stm32f4xx_it.o(i.SPI1_IRQHandler) for SPI1_IRQHandler
    startup_stm32f407xx.o(RESET) refers to stm32f4xx_it.o(i.SPI2_IRQHandler) for SPI2_IRQHandler
    startup_stm32f407xx.o(RESET) refers to stm32f4xx_it.o(i.USART1_IRQHandler) for USART1_IRQHandler
    startup_stm32f407xx.o(RESET) refers to stm32f4xx_it.o(i.USART3_IRQHandler) for USART3_IRQHandler
    startup_stm32f407xx.o(RESET) refers to stm32f4xx_it.o(i.TIM8_TRG_COM_TIM14_IRQHandler) for TIM8_TRG_COM_TIM14_IRQHandler
    startup_stm32f407xx.o(RESET) refers to stm32f4xx_it.o(i.DMA1_Stream7_IRQHandler) for DMA1_Stream7_IRQHandler
    startup_stm32f407xx.o(RESET) refers to stm32f4xx_it.o(i.TIM6_DAC_IRQHandler) for TIM6_DAC_IRQHandler
    startup_stm32f407xx.o(RESET) refers to stm32f4xx_it.o(i.TIM7_IRQHandler) for TIM7_IRQHandler
    startup_stm32f407xx.o(RESET) refers to stm32f4xx_it.o(i.DMA2_Stream0_IRQHandler) for DMA2_Stream0_IRQHandler
    startup_stm32f407xx.o(RESET) refers to stm32f4xx_it.o(i.DMA2_Stream2_IRQHandler) for DMA2_Stream2_IRQHandler
    startup_stm32f407xx.o(RESET) refers to stm32f4xx_it.o(i.DMA2_Stream3_IRQHandler) for DMA2_Stream3_IRQHandler
    startup_stm32f407xx.o(RESET) refers to stm32f4xx_it.o(i.DMA2_Stream4_IRQHandler) for DMA2_Stream4_IRQHandler
    startup_stm32f407xx.o(RESET) refers to stm32f4xx_it.o(i.CAN2_RX0_IRQHandler) for CAN2_RX0_IRQHandler
    startup_stm32f407xx.o(RESET) refers to stm32f4xx_it.o(i.OTG_FS_IRQHandler) for OTG_FS_IRQHandler
    startup_stm32f407xx.o(RESET) refers to stm32f4xx_it.o(i.DMA2_Stream5_IRQHandler) for DMA2_Stream5_IRQHandler
    startup_stm32f407xx.o(RESET) refers to stm32f4xx_it.o(i.DMA2_Stream6_IRQHandler) for DMA2_Stream6_IRQHandler
    startup_stm32f407xx.o(RESET) refers to stm32f4xx_it.o(i.DMA2_Stream7_IRQHandler) for DMA2_Stream7_IRQHandler
    startup_stm32f407xx.o(RESET) refers to stm32f4xx_it.o(i.USART6_IRQHandler) for USART6_IRQHandler
    startup_stm32f407xx.o(RESET) refers to stm32f4xx_it.o(i.I2C3_EV_IRQHandler) for I2C3_EV_IRQHandler
    startup_stm32f407xx.o(RESET) refers to stm32f4xx_it.o(i.I2C3_ER_IRQHandler) for I2C3_ER_IRQHandler
[...]
    DJI_Motor_Tx                             0x20002e14   Data         160  dji_motor.o(.bss)
    chassis                                  0x2000302c   Data         904  robo_chassis.o(.bss)
    robo_message                             0x20003990   Data          36  robo_common.o(.bss)
    can1                                     0x200039b4   Data         120  robo_common.o(.bss)
    can2                                     0x20003a2c   Data         120  robo_common.o(.bss)
    AHRS                                     0x20003aa4   Data         120  robo_common.o(.bss)
    robo_middleware                          0x20003b1c   Data        2008  robo_common.o(.bss)
    usb_buf                                  0x200042f4   Data         256  robo_usb.o(.bss)
    referee                                  0x200044f4   Data         400  robo_usb.o(.bss)
    send_referee                             0x20004684   Data          73  robo_usb.o(.bss)
    received_navigation                      0x200046cd   Data          27  robo_usb.o(.bss)
    received_rc                              0x200046e8   Data          16  robo_usb.o(.bss)
    __libspace_start                         0x200046f8   Data          96  libspace.o(.bss)
    __temporary_stack_top$libspace           0x20004758   Data           0  libspace.o(.bss)



==============================================================================

Memory Map of the image

  Image Entry point : 0x08000189

  Load Region LR_IROM1 (Base: 0x08000000, Size: 0x000128d0, Max: 0x00100000, ABSOLUTE, COMPRESSED[0x000127ac])

    Execution Region ER_IROM1 (Exec base: 0x08000000, Load base: 0x08000000, Size: 0x000126ac, Max: 0x00100000, ABSOLUTE)

    Exec Addr    Load Addr    Size         Type   Attr      Idx    E Section Name        Object

    0x08000000   0x08000000   0x00000188   Data   RO            3    RESET               startup_stm32f407xx.o
    0x08000188   0x08000188   0x00000008   Code   RO         9811  * !!!main             c_w.l(__main.o)
    0x08000190   0x08000190   0x00000034   Code   RO        10227    !!!scatter          c_w.l(__scatter.o)
    0x080001c4   0x080001c4   0x0000005a   Code   RO        10225    !!dczerorl2         c_w.l(__dczerorl2.o)
    0x0800021e   0x0800021e   0x00000002   PAD
    0x08000220   0x08000220   0x0000001c   Code   RO        10229    !!handler_zi        c_w.l(__scatter_zi.o)
    0x0800023c   0x0800023c   0x00000002   Code   RO        10149    .ARM.Collect$$libinit$$00000000  c_w.l(libinit.o)
    0x0800023e   0x0800023e   0x00000004   Code   RO        10073    .ARM.Collect$$libinit$$00000001  c_w.l(libinit2.o)
    0x08000242   0x08000242   0x00000000   Code   RO        10076    .ARM.Collect$$libinit$$00000004  c_w.l(libinit2.o)
    0x08000242   0x08000242   0x00000008   Code   RO        10077    .ARM.Collect$$libinit$$00000005  c_w.l(libinit2.o)
    0x0800024a   0x0800024a   0x00000000   Code   RO        10079    .ARM.Collect$$libinit$$0000000A  c_w.l(libinit2.o)
    0x0800024a   0x0800024a   0x00000000   Code   RO        10081    .ARM.Collect$$libinit$$0000000C  c_w.l(libinit2.o)
    0x0800024a   0x0800024a   0x00000000   Code   RO        10083    .ARM.Collect$$libinit$$0000000E  c_w.l(libinit2.o)
    0x0800024a   0x0800024a   0x00000000   Code   RO        10086    .ARM.Collect$$libinit$$00000011  c_w.l(libinit2.o)
    0x0800024a   0x0800024a   0x00000000   Code   RO        10088    .ARM.Collect$$libinit$$00000013  c_w.l(libinit2.o)
    0x0800024a   0x0800024a   0x00000000   Code   RO        10090    .ARM.Collect$$libinit$$00000015  c_w.l(libinit2.o)
    0x0800024a   0x0800024a   0x00000000   Code   RO        10092    .ARM.Collect$$libinit$$00000017  c_w.l(libinit2.o)
    0x0800024a   0x0800024a   0x00000000   Code   RO        10094    .ARM.Collect$$libinit$$00000019  c_w.l(libinit2.o)
    0x0800024a   0x0800024a   0x00000000   Code   RO        10096    .ARM.Collect$$libinit$$0000001B  c_w.l(libinit2.o)
    0x0800024a   0x0800024a   0x00000000   Code   RO        10098    .ARM.Collect$$libinit$$0000001D  c_w.l(libinit2.o)
    0x0800024a   0x0800024a   0x00000000   Code   RO        10100    .ARM.Collect$$libinit$$0000001F  c_w.l(libinit2.o)
    0x0800024a   0x0800024a   0x00000000   Code   RO        10102    .ARM.Collect$$libinit$$00000021  c_w.l(libinit2.o)
    0x0800024a   0x0800024a   0x00000000   Code   RO        10104    .ARM.Collect$$libinit$$00000023  c_w.l(libinit2.o)
    0x0800024a   0x0800024a   0x00000000   Code   RO        10106    .ARM.Collect$$libinit$$00000025  c_w.l(libinit2.o)
    0x0800024a   0x0800024a   0x00000000   Code   RO        10110    .ARM.Collect$$libinit$$0000002C  c_w.l(libinit2.o)
    0x0800024a   0x0800024a   0x00000000   Code   RO        10112    .ARM.Collect$$libinit$$0000002E  c_w.l(libinit2.o)
    0x0800024a   0x0800024a   0x00000000   Code   RO        10114    .ARM.Collect$$libinit$$00000030  c_w.l(libinit2.o)
    0x0800024a   0x0800024a   0x00000000   Code   RO        10116    .ARM.Collect$$libinit$$00000032  c_w.l(libinit2.o)
    0x0800024a   0x0800024a   0x00000002   Code   RO        10117    .ARM.Collect$$libinit$$00000033  c_w.l(libinit2.o)
    0x0800024c   0x0800024c   0x00000002   Code   RO        10222    .ARM.Collect$$libshutdown$$00000000  c_w.l(libshutdown.o)
    0x0800024e   0x0800024e   0x00000000   Code   RO        10176    .ARM.Collect$$libshutdown$$00000002  c_w.l(libshutdown2.o)
    0x0800024e   0x0800024e   0x00000000   Code   RO        10178    .ARM.Collect$$libshutdown$$00000004  c_w.l(libshutdown2.o)
    0x0800024e   0x0800024e   0x00000000   Code   RO        10180    .ARM.Collect$$libshutdown$$00000006  c_w.l(libshutdown2.o)
    0x0800024e   0x0800024e   0x00000000   Code   RO        10183    .ARM.Collect$$libshutdown$$00000009  c_w.l(libshutdown2.o)
    0x0800024e   0x0800024e   0x00000000   Code   RO        10186    .ARM.Collect$$libshutdown$$0000000C  c_w.l(libshutdown2.o)
    0x0800024e   0x0800024e   0x00000000   Code   RO        10188    .ARM.Collect$$libshutdown$$0000000E  c_w.l(libshutdown2.o)
    0x0800024e   0x0800024e   0x00000000   Code   RO        10191    .ARM.Collect$$libshutdown$$00000011  c_w.l(libshutdown2.o)
    0x0800024e   0x0800024e   0x00000002   Code   RO        10192    .ARM.Collect$$libshutdown$$00000012  c_w.l(libshutdown2.o)
    0x08000250   0x08000250   0x00000000   Code   RO         9893    .ARM.Collect$$rtentry$$00000000  c_w.l(__rtentry.o)
    0x08000250   0x08000250   0x00000000   Code   RO        10033    .ARM.Collect$$rtentry$$00000002  c_w.l(__rtentry2.o)
    0x08000250   0x08000250   0x00000006   Code   RO        10045    .ARM.Collect$$rtentry$$00000004  c_w.l(__rtentry4.o)
    0x08000256   0x08000256   0x00000000   Code   RO        10035    .ARM.Collect$$rtentry$$00000009  c_w.l(__rtentry2.o)
    0x08000256   0x08000256   0x00000004   Code   RO        10036    .ARM.Collect$$rtentry$$0000000A  c_w.l(__rtentry2.o)
    0x0800025a   0x0800025a   0x00000000   Code   RO        10038    .ARM.Collect$$rtentry$$0000000C  c_w.l(__rtentry2.o)
    0x0800025a   0x0800025a   0x00000008   Code   RO        10039    .ARM.Collect$$rtentry$$0000000D  c_w.l(__rtentry2.o)
    0x08000262   0x08000262   0x00000002   Code   RO        10159    .ARM.Collect$$rtexit$$00000000  c_w.l(rtexit.o)
    0x08000264   0x08000264   0x00000000   Code   RO        10198    .ARM.Collect$$rtexit$$00000002  c_w.l(rtexit2.o)
    0x08000264   0x08000264   0x00000004   Code   RO        10199    .ARM.Collect$$rtexit$$00000003  c_w.l(rtexit2.o)
    0x08000268   0x08000268   0x00000006   Code   RO        10200    .ARM.Collect$$rtexit$$00000004  c_w.l(rtexit2.o)
    0x0800026e   0x0800026e   0x00000002   PAD
    0x08000270   0x08000270   0x00000000   Code   RO        10054    .emb_text           c_w.l(maybetermalloc1.o)
    0x08000270   0x08000270   0x00000040   Code   RO            4    .text               startup_stm32f407xx.o
    0x080002b0   0x080002b0   0x00000028   Code   RO         9741    .text               c_w.l(calloc.o)
    0x080002d8   0x080002d8   0x0000004e   Code   RO         9743    .text               c_w.l(h1_free.o)
    0x08000326   0x08000326   0x000000b8   Code   RO         9745    .text               c_w.l(h1_realloc.o)
    0x080003de   0x080003de   0x000000ee   Code   RO         9801    .text               c_w.l(lludivv7m.o)
    0x080004cc   0x080004cc   0x0000008a   Code   RO         9803    .text               c_w.l(rt_memcpy_v6.o)
    0x08000556   0x08000556   0x00000064   Code   RO         9805    .text               c_w.l(rt_memcpy_w.o)
    0x080005ba   0x080005ba   0x0000004e   Code   RO         9807    .text               c_w.l(rt_memclr_w.o)
    0x08000608   0x08000608   0x00000006   Code   RO         9809    .text               c_w.l(heapauxi.o)
    0x0800060e   0x0800060e   0x00000002   PAD
    0x08000610   0x08000610   0x00000008   Code   RO         9901    .text               c_w.l(rt_heap_descriptor_intlibspace.o)
    0x08000618   0x08000618   0x00000004   Code   RO         9903    .text               c_w.l(hguard.o)
    0x0800061c   0x0800061c   0x0000008a   Code   RO         9905    .text               c_w.l(init_alloc.o)
    0x080006a6   0x080006a6   0x0000005e   Code   RO         9911    .text               c_w.l(h1_alloc.o)
    0x08000704   0x08000704   0x00000016   Code   RO         9925    .text               c_w.l(_rserrno.o)
    0x0800071a   0x0800071a   0x00000044   Code   RO         9927    .text               c_w.l(rt_memclr.o)
    0x0800075e   0x0800075e   0x00000002   PAD
    0x08000760   0x08000760   0x00000008   Code   RO        10029    .text               c_w.l(libspace.o)
    0x08000768   0x08000768   0x00000008   Code   RO        10052    .text               c_w.l(rt_errno_addr_intlibspace.o)
    0x08000770   0x08000770   0x0000000e   Code   RO        10056    .text               c_w.l(h1_init.o)
    0x0800077e   0x0800077e   0x00000034   Code   RO        10058    .text               c_w.l(h1_extend.o)
    0x080007b2   0x080007b2   0x0000000e   Code   RO        10064    .text               c_w.l(defsig_rtmem_outer.o)
    0x080007c0   0x080007c0   0x0000004a   Code   RO        10124    .text               c_w.l(sys_stackheap_outer.o)
    0x0800080a   0x0800080a   0x00000012   Code   RO        10132    .text               c_w.l(exit.o)
    0x0800081c   0x0800081c   0x0000000a   Code   RO        10134    .text               c_w.l(defsig_exit.o)
    0x08000826   0x08000826   0x00000002   PAD
    0x08000828   0x08000828   0x00000050   Code   RO        10140    .text               c_w.l(defsig_rtmem_inner.o)
    0x08000878   0x08000878   0x0000000c   Code   RO        10154    .text               c_w.l(sys_exit.o)
    0x08000884   0x08000884   0x00000002   Code   RO        10156    .text               c_w.l(use_no_semi.o)
    0x08000886   0x08000886   0x00000000   Code   RO        10158    .text               c_w.l(indicate_semi.o)
    0x08000886   0x08000886   0x00000032   Code   RO        10167    .text               c_w.l(defsig_general.o)
    0x080008b8   0x080008b8   0x0000000e   Code   RO        10195    .text               c_w.l(sys_wrch.o)
    0x080008c6   0x080008c6   0x00000002   PAD
    0x080008c8   0x080008c8   0x00000424   Code   RO         8750    ccmram              math_common.o
    0x08000cec   0x08000cec   0x00000178   Code   RO         3413    i.ADC_Init          stm32f4xx_hal_adc.o
    0x08000e64   0x08000e64   0x000000a8   Code   RO         9329    i.AHRS_Get_Angle    ahrs.o
    0x08000f0c   0x08000f0c   0x00000084   Code   RO         9330    i.AHRS_Init         ahrs.o
    0x08000f90   0x08000f90   0x0000010c   Code   RO         9331    i.AHRS_Update       ahrs.o
    0x0800109c   0x0800109c   0x000000d4   Code   RO         8193    i.Add_message_Pack  message.o
    0x08001170   0x08001170   0x00000170   Code   RO         7876    i.BMI088_Accel_Init  bmi088driver.o
    0x080012e0   0x080012e0   0x0000012c   Code   RO         7877    i.BMI088_Gyro_Init  bmi088driver.o
    0x0800140c   0x0800140c   0x00000014   Code   RO         7878    i.BMI088_Init       bmi088driver.o
    0x08001420   0x08001420   0x00000168   Code   RO         7879    i.BMI088_Read       bmi088driver.o
    0x08001588   0x08001588   0x00000028   Code   RO         7880    i.BMI088_read_muli_reg  bmi088driver.o
    0x080015b0   0x080015b0   0x0000001a   Code   RO         7881    i.BMI088_read_single_reg  bmi088driver.o
    0x080015ca   0x080015ca   0x0000001c   Code   RO         7882    i.BMI088_read_write_byte  bmi088driver.o
    0x080015e6   0x080015e6   0x00000016   Code   RO         7883    i.BMI088_write_single_reg  bmi088driver.o
    0x080015fc   0x080015fc   0x00000158   Code   RO         9090    i.Basic_PID_Controller  pid.o
    0x08001754   0x08001754   0x000000c6   Code   RO         9332    i.BodyFrameToEarthFrame  ahrs.o
    0x0800181a   0x0800181a   0x00000002   Code   RO         1321    i.BusFault_Handler  stm32f4xx_it.o
    0x0800181c   0x0800181c   0x0000019c   Code   RO         7683    i.Button_Handle     button.o
    0x080019b8   0x080019b8   0x00000088   Code   RO         7684    i.Button_Init       button.o
    0x08001a40   0x08001a40   0x0000001c   Code   RO         7686    i.Button_Scan       button.o
    0x08001a5c   0x08001a5c   0x00000028   Code   RO         7731    i.Buzzer_Add_Task   buzzer.o
    0x08001a84   0x08001a84   0x00000028   Code   RO         7732    i.Buzzer_Callback   buzzer.o
    0x08001aac   0x08001aac   0x00000074   Code   RO         7733    i.Buzzer_Handle     buzzer.o
    0x08001b20   0x08001b20   0x0000006c   Code   RO         7734    i.Buzzer_Init       buzzer.o
    0x08001b8c   0x08001b8c   0x00000066   Code   RO         7737    i.Buzzer_Task_B_B_B  buzzer.o
    0x08001bf2   0x08001bf2   0x00000002   PAD
    0x08001bf4   0x08001bf4   0x0000000c   Code   RO         1322    i.CAN1_RX0_IRQHandler  stm32f4xx_it.o
    0x08001c00   0x08001c00   0x0000000c   Code   RO         1323    i.CAN2_RX0_IRQHandler  stm32f4xx_it.o
    0x08001c0c   0x08001c0c   0x00000004   Code   RO         1268    i.CDC_Control_FS    usbd_cdc_if.o
    0x08001c10   0x08001c10   0x00000004   Code   RO         1269    i.CDC_DeInit_FS     usbd_cdc_if.o
    0x08001c14   0x08001c14   0x00000024   Code   RO         1270    i.CDC_Init_FS       usbd_cdc_if.o
    0x08001c38   0x08001c38   0x00000018   Code   RO         1271    i.CDC_Receive_FS    usbd_cdc_if.o
    0x08001c50   0x08001c50   0x0000002c   Code   RO         1272    i.CDC_Transmit_FS   usbd_cdc_if.o
    0x08001c7c   0x08001c7c   0x000000f8   Code   RO         9521    i.Chassis_Init      robo_chassis.o
    0x08001d74   0x08001d74   0x000000ac   Code   RO         9522    i.Chassis_Task      robo_chassis.o
    0x08001e20   0x08001e20   0x000000c0   Code   RO         8470    i.DJI_Motor_Callback  dji_motor.o
    0x08001ee0   0x08001ee0   0x0000012c   Code   RO         8471    i.DJI_Motor_Init    dji_motor.o
    0x0800200c   0x0800200c   0x00000098   Code   RO         8473    i.DJI_Motor_Send    dji_motor.o
    0x080020a4   0x080020a4   0x00000030   Code   RO         8475    i.DJI_Motor_Timeout_Callback  dji_motor.o
    0x080020d4   0x080020d4   0x0000000c   Code   RO         1324    i.DMA1_Stream1_IRQHandler  stm32f4xx_it.o
    0x080020e0   0x080020e0   0x0000000c   Code   RO         1325    i.DMA1_Stream2_IRQHandler  stm32f4xx_it.o
    0x080020ec   0x080020ec   0x0000000c   Code   RO         1326    i.DMA1_Stream3_IRQHandler  stm32f4xx_it.o
    0x080020f8   0x080020f8   0x0000000c   Code   RO         1327    i.DMA1_Stream4_IRQHandler  stm32f4xx_it.o
    0x08002104   0x08002104   0x0000000c   Code   RO         1328    i.DMA1_Stream7_IRQHandler  stm32f4xx_it.o
    0x08002110   0x08002110   0x0000000c   Code   RO         1329    i.DMA2_Stream0_IRQHandler  stm32f4xx_it.o
    0x0800211c   0x0800211c   0x0000000c   Code   RO         1330    i.DMA2_Stream2_IRQHandler  stm32f4xx_it.o
    0x08002128   0x08002128   0x0000000c   Code   RO         1331    i.DMA2_Stream3_IRQHandler  stm32f4xx_it.o
    0x08002134   0x08002134   0x0000000c   Code   RO         1332    i.DMA2_Stream4_IRQHandler  stm32f4xx_it.o
    0x08002140   0x08002140   0x0000000c   Code   RO         1333    i.DMA2_Stream5_IRQHandler  stm32f4xx_it.o
    0x0800214c   0x0800214c   0x0000000c   Code   RO         1334    i.DMA2_Stream6_IRQHandler  stm32f4xx_it.o
    0x08002158   0x08002158   0x0000000c   Code   RO         1335    i.DMA2_Stream7_IRQHandler  stm32f4xx_it.o
    0x08002164   0x08002164   0x00000028   Code   RO         2737    i.DMA_CalcBaseAndBitshift  stm32f4xx_hal_dma.o
    0x0800218c   0x0800218c   0x00000054   Code   RO         2738    i.DMA_CheckFifoParam  stm32f4xx_hal_dma.o
    0x080021e0   0x080021e0   0x00000028   Code   RO         2739    i.DMA_SetConfig     stm32f4xx_hal_dma.o
    0x08002208   0x08002208   0x00000070   Code   RO         8543    i.DR16_Init         dr16_remote.o
    0x08002278   0x08002278   0x0000002a   Code   RO         8544    i.DR16_Reset        dr16_remote.o
    0x080022a2   0x080022a2   0x000000dc   Code   RO         8545    i.DR16_Rx_Callback  dr16_remote.o
    0x0800237e   0x0800237e   0x00000022   Code   RO         8546    i.DR16_Rx_Timeout_Reset_Callack  dr16_remote.o
    0x080023a0   0x080023a0   0x000000a0   Code   RO         9156    i.DeQueue           queue.o
    0x08002440   0x08002440   0x00000002   Code   RO         1336    i.DebugMon_Handler  stm32f4xx_it.o
    0x08002442   0x08002442   0x00000006   Code   RO         1337    i.EXTI3_IRQHandler  stm32f4xx_it.o
    0x08002448   0x08002448   0x00000006   Code   RO         1338    i.EXTI4_IRQHandler  stm32f4xx_it.o
    0x0800244e   0x0800244e   0x00000006   Code   RO         1339    i.EXTI9_5_IRQHandler  stm32f4xx_it.o
    0x08002454   0x08002454   0x000000f4   Code   RO         9159    i.EnQueue           queue.o
    0x08002548   0x08002548   0x00000004   Code   RO           13    i.Error_Handler     main.o
    0x0800254c   0x0800254c   0x00000080   Code   RO         8099    i.Event_OS_Calibration_CPU_Utilization  event_os.o
    0x080025cc   0x080025cc   0x00000014   Code   RO         8100    i.Event_OS_Callback  event_os.o
    0x080025e0   0x080025e0   0x00000118   Code   RO         8102    i.Event_OS_Run      event_os.o
    0x080026f8   0x080026f8   0x0000008c   Code   RO         8103    i.Event_OS_Task_Logout  event_os.o
    0x08002784   0x08002784   0x00000058   Code   RO         8104    i.Event_OS_Task_Loop  event_os.o
    0x080027dc   0x080027dc   0x00000084   Code   RO         8106    i.Event_OS_Task_Register  event_os.o
    0x08002860   0x08002860   0x00000054   Code   RO         8107    i.Event_OS_Task_Start  event_os.o
    0x080028b4   0x080028b4   0x000000dc   Code   RO         2537    i.FLASH_Erase_Sector  stm32f4xx_hal_flash_ex.o
    0x08002990   0x08002990   0x00000054   Code   RO         2538    i.FLASH_FlushCaches  stm32f4xx_hal_flash_ex.o
    0x080029e4   0x080029e4   0x00000004   Code   RO         1340    i.FLASH_IRQHandler  stm32f4xx_it.o
    0x080029e8   0x080029e8   0x00000068   Code   RO         2423    i.FLASH_SetErrorCode  stm32f4xx_hal_flash.o
    0x08002a50   0x08002a50   0x000000c0   Code   RO         8476    i.Get_DJI_Motor_TX_ID  dji_motor.o
    0x08002b10   0x08002b10   0x000000cc   Code   RO         9573    i.Get_Topic_ID      robo_common.o
    0x08002bdc   0x08002bdc   0x00000020   Code   RO         8353    i.Get_message_Pack_Data  message.o
    0x08002bfc   0x08002bfc   0x000001d4   Code   RO         3415    i.HAL_ADC_ConfigChannel  stm32f4xx_hal_adc.o
    0x08002dd0   0x08002dd0   0x00000220   Code   RO         3424    i.HAL_ADC_Init      stm32f4xx_hal_adc.o
    0x08002ff0   0x08002ff0   0x00000060   Code   RO          424    i.HAL_ADC_MspInit   adc.o
    0x08003050   0x08003050   0x00000078   Code   RO         3689    i.HAL_CAN_ActivateNotification  stm32f4xx_hal_can.o
    0x080030c8   0x080030c8   0x00000194   Code   RO         3690    i.HAL_CAN_AddTxmessage  stm32f4xx_hal_can.o
    0x0800325c   0x0800325c   0x000001f4   Code   RO         3691    i.HAL_CAN_ConfigFilter  stm32f4xx_hal_can.o
    0x08003450   0x08003450   0x00000002   Code   RO         3694    i.HAL_CAN_ErrorCallback  stm32f4xx_hal_can.o
    0x08003452   0x08003452   0x00000002   PAD
    0x08003454   0x08003454   0x00000140   Code   RO         3697    i.HAL_CAN_GetRxmessage  stm32f4xx_hal_can.o
    0x08003594   0x08003594   0x000001f4   Code   RO         3701    i.HAL_CAN_IRQHandler  stm32f4xx_hal_can.o
    0x08003788   0x08003788   0x0000034c   Code   RO         3702    i.HAL_CAN_Init      stm32f4xx_hal_can.o
    0x08003ad4   0x08003ad4   0x000000fc   Code   RO          466    i.HAL_CAN_MspInit   can.o
    0x08003bd0   0x08003bd0   0x0000008c   Code   RO         3707    i.HAL_CAN_RegisterCallback  stm32f4xx_hal_can.o
    0x08003c5c   0x08003c5c   0x00000002   Code   RO         3710    i.HAL_CAN_RxFifo0FullCallback  stm32f4xx_hal_can.o
    0x08003c5e   0x08003c5e   0x00000002   Code   RO         3711    i.HAL_CAN_RxFifo0MsgPendingCallback  stm32f4xx_hal_can.o
    0x08003c60   0x08003c60   0x00000002   Code   RO         3712    i.HAL_CAN_RxFifo1FullCallback  stm32f4xx_hal_can.o
    0x08003c62   0x08003c62   0x00000002   Code   RO         3713    i.HAL_CAN_RxFifo1MsgPendingCallback  stm32f4xx_hal_can.o
    0x08003c64   0x08003c64   0x00000002   Code   RO         3714    i.HAL_CAN_SleepCallback  stm32f4xx_hal_can.o
    0x08003c66   0x08003c66   0x00000002   PAD
    0x08003c68   0x08003c68   0x00000058   Code   RO         3715    i.HAL_CAN_Start     stm32f4xx_hal_can.o
    0x08003cc0   0x08003cc0   0x00000002   Code   RO         3717    i.HAL_CAN_TxMailbox0AbortCallback  stm32f4xx_hal_can.o
    0x08003cc2   0x08003cc2   0x00000002   Code   RO         3718    i.HAL_CAN_TxMailbox0CompleteCallback  stm32f4xx_hal_can.o
    0x08003cc4   0x08003cc4   0x00000002   Code   RO         3719    i.HAL_CAN_TxMailbox1AbortCallback  stm32f4xx_hal_can.o
    0x08003cc6   0x08003cc6   0x00000002   Code   RO         3720    i.HAL_CAN_TxMailbox1CompleteCallback  stm32f4xx_hal_can.o
    0x08003cc8   0x08003cc8   0x00000002   Code   RO         3721    i.HAL_CAN_TxMailbox2AbortCallback  stm32f4xx_hal_can.o
    0x08003cca   0x08003cca   0x00000002   Code   RO         3722    i.HAL_CAN_TxMailbox2CompleteCallback  stm32f4xx_hal_can.o
    0x08003ccc   0x08003ccc   0x00000002   Code   RO         3725    i.HAL_CAN_WakeUpFromRxMsgCallback  stm32f4xx_hal_can.o
    0x08003cce   0x08003cce   0x00000002   PAD
    0x08003cd0   0x08003cd0   0x00000070   Code   RO         3938    i.HAL_CRC_Init      stm32f4xx_hal_crc.o
    0x08003d40   0x08003d40   0x00000028   Code   RO          515    i.HAL_CRC_MspInit   crc.o
    0x08003d68   0x08003d68   0x00000002   Code   RO         4143    i.HAL_DACEx_DMAUnderrunCallbackCh2  stm32f4xx_hal_dac_ex.o
    0x08003d6a   0x08003d6a   0x00000002   PAD
    0x08003d6c   0x08003d6c   0x000000d8   Code   RO         3997    i.HAL_DAC_ConfigChannel  stm32f4xx_hal_dac.o
    0x08003e44   0x08003e44   0x00000002   Code   RO         4000    i.HAL_DAC_DMAUnderrunCallbackCh1  stm32f4xx_hal_dac.o
    0x08003e46   0x08003e46   0x00000068   Code   RO         4006    i.HAL_DAC_IRQHandler  stm32f4xx_hal_dac.o
    0x08003eae   0x08003eae   0x00000002   PAD
    0x08003eb0   0x08003eb0   0x00000078   Code   RO         4007    i.HAL_DAC_Init      stm32f4xx_hal_dac.o
    0x08003f28   0x08003f28   0x00000070   Code   RO          557    i.HAL_DAC_MspInit   dac.o
    0x08003f98   0x08003f98   0x00000092   Code   RO         2740    i.HAL_DMA_Abort     stm32f4xx_hal_dma.o
    0x0800402a   0x0800402a   0x00000024   Code   RO         2741    i.HAL_DMA_Abort_IT  stm32f4xx_hal_dma.o
    0x0800404e   0x0800404e   0x00000004   Code   RO         2743    i.HAL_DMA_GetError  stm32f4xx_hal_dma.o
    0x08004052   0x08004052   0x00000006   Code   RO         2744    i.HAL_DMA_GetState  stm32f4xx_hal_dma.o
    0x08004058   0x08004058   0x000001a0   Code   RO         2745    i.HAL_DMA_IRQHandler  stm32f4xx_hal_dma.o
    0x080041f8   0x080041f8   0x000002e0   Code   RO         2746    i.HAL_DMA_Init      stm32f4xx_hal_dma.o
    0x080044d8   0x080044d8   0x000000c8   Code   RO         2750    i.HAL_DMA_Start_IT  stm32f4xx_hal_dma.o
    0x080045a0   0x080045a0   0x00000024   Code   RO         3159    i.HAL_Delay         stm32f4xx_hal.o
    0x080045c4   0x080045c4   0x00000002   Code   RO         2425    i.HAL_FLASH_EndOfOperationCallback  stm32f4xx_hal_flash.o
    0x080045c6   0x080045c6   0x00000002   PAD
    0x080045c8   0x080045c8   0x000000cc   Code   RO         2427    i.HAL_FLASH_IRQHandler  stm32f4xx_hal_flash.o
    0x08004694   0x08004694   0x00000002   Code   RO         2432    i.HAL_FLASH_OperationErrorCallback  stm32f4xx_hal_flash.o
    0x08004696   0x08004696   0x00000002   Code   RO         2631    i.HAL_GPIO_EXTI_Callback  stm32f4xx_hal_gpio.o
    0x08004698   0x08004698   0x00000018   Code   RO         2632    i.HAL_GPIO_EXTI_IRQHandler  stm32f4xx_hal_gpio.o
    0x080046b0   0x080046b0   0x000002fc   Code   RO         2633    i.HAL_GPIO_Init     stm32f4xx_hal_gpio.o
    0x080049ac   0x080049ac   0x00000058   Code   RO         2635    i.HAL_GPIO_ReadPin  stm32f4xx_hal_gpio.o
    0x08004a04   0x08004a04   0x0000006c   Code   RO         2637    i.HAL_GPIO_WritePin  stm32f4xx_hal_gpio.o
    0x08004a70   0x08004a70   0x0000000c   Code   RO         3165    i.HAL_GetTick       stm32f4xx_hal.o
    0x08004a7c   0x08004a7c   0x00000002   Code   RO         4234    i.HAL_I2C_AbortCpltCallback  stm32f4xx_hal_i2c.o
    0x08004a7e   0x08004a7e   0x00000002   Code   RO         4235    i.HAL_I2C_AddrCallback  stm32f4xx_hal_i2c.o
    0x08004a80   0x08004a80   0x000000ba   Code   RO         4238    i.HAL_I2C_ER_IRQHandler  stm32f4xx_hal_i2c.o
    0x08004b3a   0x08004b3a   0x00000230   Code   RO         4239    i.HAL_I2C_EV_IRQHandler  stm32f4xx_hal_i2c.o
    0x08004d6a   0x08004d6a   0x00000002   Code   RO         4241    i.HAL_I2C_ErrorCallback  stm32f4xx_hal_i2c.o
    0x08004d6c   0x08004d6c   0x00000288   Code   RO         4245    i.HAL_I2C_Init      stm32f4xx_hal_i2c.o
    0x08004ff4   0x08004ff4   0x00000002   Code   RO         4247    i.HAL_I2C_ListenCpltCallback  stm32f4xx_hal_i2c.o
    0x08004ff6   0x08004ff6   0x00000002   Code   RO         4248    i.HAL_I2C_MasterRxCpltCallback  stm32f4xx_hal_i2c.o
    0x08004ff8   0x08004ff8   0x00000002   Code   RO         4249    i.HAL_I2C_MasterTxCpltCallback  stm32f4xx_hal_i2c.o
    0x08004ffa   0x08004ffa   0x00000002   Code   RO         4261    i.HAL_I2C_MemRxCpltCallback  stm32f4xx_hal_i2c.o
    0x08004ffc   0x08004ffc   0x00000002   Code   RO         4262    i.HAL_I2C_MemTxCpltCallback  stm32f4xx_hal_i2c.o
    0x08004ffe   0x08004ffe   0x00000002   PAD
    0x08005000   0x08005000   0x00000190   Code   RO          623    i.HAL_I2C_MspInit   i2c.o
    0x08005190   0x08005190   0x00000002   Code   RO         4271    i.HAL_I2C_SlaveRxCpltCallback  stm32f4xx_hal_i2c.o
    0x08005192   0x08005192   0x00000002   Code   RO         4272    i.HAL_I2C_SlaveTxCpltCallback  stm32f4xx_hal_i2c.o
    0x08005194   0x08005194   0x00000010   Code   RO         3171    i.HAL_IncTick       stm32f4xx_hal.o
    0x080051a4   0x080051a4   0x00000034   Code   RO         3172    i.HAL_Init          stm32f4xx_hal.o
    0x080051d8   0x080051d8   0x00000040   Code   RO         3173    i.HAL_InitTick      stm32f4xx_hal.o
    0x08005218   0x08005218   0x00000040   Code   RO         1593    i.HAL_MspInit       stm32f4xx_hal_msp.o
    0x08005258   0x08005258   0x00000064   Code   RO         3022    i.HAL_NVIC_EnableIRQ  stm32f4xx_hal_cortex.o
    0x080052bc   0x080052bc   0x000000a0   Code   RO         3028    i.HAL_NVIC_SetPriority  stm32f4xx_hal_cortex.o
    0x0800535c   0x0800535c   0x00000080   Code   RO         3029    i.HAL_NVIC_SetPriorityGrouping  stm32f4xx_hal_cortex.o
    0x080053dc   0x080053dc   0x00000002   Code   RO         1917    i.HAL_PCDEx_LPM_Callback  stm32f4xx_hal_pcd_ex.o
    0x080053de   0x080053de   0x00000008   Code   RO         1918    i.HAL_PCDEx_SetRxFiFo  stm32f4xx_hal_pcd_ex.o
    0x080053e6   0x080053e6   0x00000044   Code   RO         1919    i.HAL_PCDEx_SetTxFiFo  stm32f4xx_hal_pcd_ex.o
    0x0800542a   0x0800542a   0x00000008   Code   RO          975    i.HAL_PCD_ConnectCallback  usbd_conf.o
    0x08005432   0x08005432   0x00000012   Code   RO          976    i.HAL_PCD_DataInStageCallback  usbd_conf.o
    0x08005444   0x08005444   0x00000014   Code   RO          977    i.HAL_PCD_DataOutStageCallback  usbd_conf.o
    0x08005458   0x08005458   0x00000008   Code   RO          978    i.HAL_PCD_DisconnectCallback  usbd_conf.o
    0x08005460   0x08005460   0x0000001e   Code   RO         1687    i.HAL_PCD_EP_Abort  stm32f4xx_hal_pcd.o
    0x0800547e   0x0800547e   0x0000004c   Code   RO         1688    i.HAL_PCD_EP_Close  stm32f4xx_hal_pcd.o
    0x080054ca   0x080054ca   0x0000005c   Code   RO         1689    i.HAL_PCD_EP_ClrStall  stm32f4xx_hal_pcd.o
    0x08005526   0x08005526   0x00000012   Code   RO         1691    i.HAL_PCD_EP_GetRxCount  stm32f4xx_hal_pcd.o
    0x08005538   0x08005538   0x00000060   Code   RO         1692    i.HAL_PCD_EP_Open   stm32f4xx_hal_pcd.o
    0x08005598   0x08005598   0x00000048   Code   RO         1693    i.HAL_PCD_EP_Receive  stm32f4xx_hal_pcd.o
    0x080055e0   0x080055e0   0x00000074   Code   RO         1694    i.HAL_PCD_EP_SetStall  stm32f4xx_hal_pcd.o
    0x08005654   0x08005654   0x00000040   Code   RO         1695    i.HAL_PCD_EP_Transmit  stm32f4xx_hal_pcd.o
    0x08005694   0x08005694   0x00000560   Code   RO         1697    i.HAL_PCD_IRQHandler  stm32f4xx_hal_pcd.o
    0x08005bf4   0x08005bf4   0x00000008   Code   RO          979    i.HAL_PCD_ISOINIncompleteCallback  usbd_conf.o
    0x08005bfc   0x08005bfc   0x00000008   Code   RO          980    i.HAL_PCD_ISOOUTIncompleteCallback  usbd_conf.o
    0x08005c04   0x08005c04   0x00000138   Code   RO         1700    i.HAL_PCD_Init      stm32f4xx_hal_pcd.o
    0x08005d3c   0x08005d3c   0x00000084   Code   RO          982    i.HAL_PCD_MspInit   usbd_conf.o
    0x08005dc0   0x08005dc0   0x0000002c   Code   RO          983    i.HAL_PCD_ResetCallback  usbd_conf.o
    0x08005dec   0x08005dec   0x00000008   Code   RO          984    i.HAL_PCD_ResumeCallback  usbd_conf.o
    0x08005df4   0x08005df4   0x00000008   Code   RO          985    i.HAL_PCD_SOFCallback  usbd_conf.o
    0x08005dfc   0x08005dfc   0x00000028   Code   RO         1706    i.HAL_PCD_SetAddress  stm32f4xx_hal_pcd.o
    0x08005e24   0x08005e24   0x0000000e   Code   RO          986    i.HAL_PCD_SetupStageCallback  usbd_conf.o
    0x08005e32   0x08005e32   0x00000042   Code   RO         1709    i.HAL_PCD_Start     stm32f4xx_hal_pcd.o
    0x08005e74   0x08005e74   0x00000030   Code   RO          987    i.HAL_PCD_SuspendCallback  usbd_conf.o
    0x08005ea4   0x08005ea4   0x000002fc   Code   RO         2369    i.HAL_RCCEx_PeriphCLKConfig  stm32f4xx_hal_rcc_ex.o
    0x080061a0   0x080061a0   0x0000024c   Code   RO         2264    i.HAL_RCC_ClockConfig  stm32f4xx_hal_rcc.o
    0x080063ec   0x080063ec   0x0000000c   Code   RO         2269    i.HAL_RCC_GetHCLKFreq  stm32f4xx_hal_rcc.o
    0x080063f8   0x080063f8   0x00000020   Code   RO         2271    i.HAL_RCC_GetPCLK1Freq  stm32f4xx_hal_rcc.o
    0x08006418   0x08006418   0x00000020   Code   RO         2272    i.HAL_RCC_GetPCLK2Freq  stm32f4xx_hal_rcc.o
    0x08006438   0x08006438   0x00000064   Code   RO         2273    i.HAL_RCC_GetSysClockFreq  stm32f4xx_hal_rcc.o
    0x0800649c   0x0800649c   0x000004a8   Code   RO         2276    i.HAL_RCC_OscConfig  stm32f4xx_hal_rcc.o
    0x08006944   0x08006944   0x00000080   Code   RO         4693    i.HAL_RNG_Init      stm32f4xx_hal_rng.o
    0x080069c4   0x080069c4   0x00000028   Code   RO          671    i.HAL_RNG_MspInit   rng.o
    0x080069ec   0x080069ec   0x00000158   Code   RO         4799    i.HAL_RTC_Init      stm32f4xx_hal_rtc.o
    0x08006b44   0x08006b44   0x0000003c   Code   RO          713    i.HAL_RTC_MspInit   rtc.o
    0x08006b80   0x08006b80   0x00000036   Code   RO         4807    i.HAL_RTC_WaitForSynchro  stm32f4xx_hal_rtc.o
    0x08006bb6   0x08006bb6   0x00000002   Code   RO         5194    i.HAL_SPI_ErrorCallback  stm32f4xx_hal_spi.o
    0x08006bb8   0x08006bb8   0x000000fc   Code   RO         5197    i.HAL_SPI_IRQHandler  stm32f4xx_hal_spi.o
    0x08006cb4   0x08006cb4   0x0000024c   Code   RO         5198    i.HAL_SPI_Init      stm32f4xx_hal_spi.o
    0x08006f00   0x08006f00   0x000001e8   Code   RO          755    i.HAL_SPI_MspInit   spi.o
    0x080070e8   0x080070e8   0x0000015a   Code   RO         5201    i.HAL_SPI_Receive   stm32f4xx_hal_spi.o
    0x08007242   0x08007242   0x00000002   PAD
    0x08007244   0x08007244   0x000001b4   Code   RO         5206    i.HAL_SPI_Transmit  stm32f4xx_hal_spi.o
    0x080073f8   0x080073f8   0x00000228   Code   RO         5207    i.HAL_SPI_TransmitReceive  stm32f4xx_hal_spi.o
    0x08007620   0x08007620   0x00000028   Code   RO         3033    i.HAL_SYSTICK_Config  stm32f4xx_hal_cortex.o
    0x08007648   0x08007648   0x00000002   Code   RO         6234    i.HAL_TIMEx_BreakCallback  stm32f4xx_hal_tim_ex.o
    0x0800764a   0x0800764a   0x00000002   Code   RO         6235    i.HAL_TIMEx_CommutCallback  stm32f4xx_hal_tim_ex.o
    0x0800764c   0x0800764c   0x00000002   Code   RO         6236    i.HAL_TIMEx_CommutHalfCpltCallback  stm32f4xx_hal_tim_ex.o
    0x0800764e   0x0800764e   0x00000002   PAD
    0x08007650   0x08007650   0x00000148   Code   RO         6237    i.HAL_TIMEx_ConfigBreakDeadTime  stm32f4xx_hal_tim_ex.o
    0x08007798   0x08007798   0x00000150   Code   RO         6253    i.HAL_TIMEx_MasterConfigSynchronization  stm32f4xx_hal_tim_ex.o
    0x080078e8   0x080078e8   0x00000184   Code   RO         5511    i.HAL_TIM_Base_Init  stm32f4xx_hal_tim.o
    0x08007a6c   0x08007a6c   0x00000104   Code   RO          803    i.HAL_TIM_Base_MspInit  tim.o
    0x08007b70   0x08007b70   0x00000130   Code   RO         5516    i.HAL_TIM_Base_Start_IT  stm32f4xx_hal_tim.o
    0x08007ca0   0x08007ca0   0x00000410   Code   RO         5520    i.HAL_TIM_ConfigClockSource  stm32f4xx_hal_tim.o
    0x080080b0   0x080080b0   0x00000002   Code   RO         5541    i.HAL_TIM_ErrorCallback  stm32f4xx_hal_tim.o
    0x080080b2   0x080080b2   0x00000002   Code   RO         5545    i.HAL_TIM_IC_CaptureCallback  stm32f4xx_hal_tim.o
    0x080080b4   0x080080b4   0x00000002   Code   RO         5546    i.HAL_TIM_IC_CaptureHalfCpltCallback  stm32f4xx_hal_tim.o
    0x080080b6   0x080080b6   0x0000017e   Code   RO         5559    i.HAL_TIM_IRQHandler  stm32f4xx_hal_tim.o
    0x08008234   0x08008234   0x0000013c   Code   RO          804    i.HAL_TIM_MspPostInit  tim.o
    0x08008370   0x08008370   0x000001e8   Code   RO         5560    i.HAL_TIM_OC_ConfigChannel  stm32f4xx_hal_tim.o
    0x08008558   0x08008558   0x00000002   Code   RO         5562    i.HAL_TIM_OC_DelayElapsedCallback  stm32f4xx_hal_tim.o
    0x0800855a   0x0800855a   0x00000002   PAD
    0x0800855c   0x0800855c   0x00000184   Code   RO         5564    i.HAL_TIM_OC_Init   stm32f4xx_hal_tim.o
    0x080086e0   0x080086e0   0x00000002   Code   RO         5566    i.HAL_TIM_OC_MspInit  stm32f4xx_hal_tim.o
    0x080086e2   0x080086e2   0x00000002   PAD
    0x080086e4   0x080086e4   0x00000268   Code   RO         5583    i.HAL_TIM_PWM_ConfigChannel  stm32f4xx_hal_tim.o
    0x0800894c   0x0800894c   0x00000184   Code   RO         5586    i.HAL_TIM_PWM_Init  stm32f4xx_hal_tim.o
    0x08008ad0   0x08008ad0   0x00000002   Code   RO         5588    i.HAL_TIM_PWM_MspInit  stm32f4xx_hal_tim.o
    0x08008ad2   0x08008ad2   0x00000002   Code   RO         5589    i.HAL_TIM_PWM_PulseFinishedCallback  stm32f4xx_hal_tim.o
    0x08008ad4   0x08008ad4   0x00000002   Code   RO         5590    i.HAL_TIM_PWM_PulseFinishedHalfCpltCallback  stm32f4xx_hal_tim.o
    0x08008ad6   0x08008ad6   0x00000002   PAD
    0x08008ad8   0x08008ad8   0x000001dc   Code   RO         5591    i.HAL_TIM_PWM_Start  stm32f4xx_hal_tim.o
    0x08008cb4   0x08008cb4   0x00000002   Code   RO         5597    i.HAL_TIM_PeriodElapsedCallback  stm32f4xx_hal_tim.o
    0x08008cb6   0x08008cb6   0x00000002   Code   RO         5598    i.HAL_TIM_PeriodElapsedHalfCpltCallback  stm32f4xx_hal_tim.o
    0x08008cb8   0x08008cb8   0x000000fa   Code   RO         5600    i.HAL_TIM_RegisterCallback  stm32f4xx_hal_tim.o
    0x08008db2   0x08008db2   0x00000002   Code   RO         5603    i.HAL_TIM_TriggerCallback  stm32f4xx_hal_tim.o
    0x08008db4   0x08008db4   0x00000002   Code   RO         5604    i.HAL_TIM_TriggerHalfCpltCallback  stm32f4xx_hal_tim.o
    0x08008db6   0x08008db6   0x00000056   Code   RO         6510    i.HAL_UARTEx_ReceiveToIdle_DMA  stm32f4xx_hal_uart.o
    0x08008e0c   0x08008e0c   0x00000002   Code   RO         6512    i.HAL_UARTEx_RxEventCallback  stm32f4xx_hal_uart.o
    0x08008e0e   0x08008e0e   0x000000d2   Code   RO         6513    i.HAL_UART_Abort    stm32f4xx_hal_uart.o
    0x08008ee0   0x08008ee0   0x00000002   Code   RO         6514    i.HAL_UART_AbortCpltCallback  stm32f4xx_hal_uart.o
    0x08008ee2   0x08008ee2   0x00000002   Code   RO         6516    i.HAL_UART_AbortReceiveCpltCallback  stm32f4xx_hal_uart.o
    0x08008ee4   0x08008ee4   0x00000002   Code   RO         6519    i.HAL_UART_AbortTransmitCpltCallback  stm32f4xx_hal_uart.o
    0x08008ee6   0x08008ee6   0x00000002   PAD
    0x08008ee8   0x08008ee8   0x000000f4   Code   RO         6521    i.HAL_UART_Abort_IT  stm32f4xx_hal_uart.o
    0x08008fdc   0x08008fdc   0x00000070   Code   RO         6524    i.HAL_UART_DMAStop  stm32f4xx_hal_uart.o
    0x0800904c   0x0800904c   0x00000002   Code   RO         6526    i.HAL_UART_ErrorCallback  stm32f4xx_hal_uart.o
    0x0800904e   0x0800904e   0x00000002   PAD
    0x08009050   0x08009050   0x00000268   Code   RO         6529    i.HAL_UART_IRQHandler  stm32f4xx_hal_uart.o
    0x080092b8   0x080092b8   0x0000015c   Code   RO         6530    i.HAL_UART_Init     stm32f4xx_hal_uart.o
    0x08009414   0x08009414   0x0000026c   Code   RO          887    i.HAL_UART_MspInit  usart.o
    0x08009680   0x08009680   0x000000c0   Code   RO         6533    i.HAL_UART_Receive  stm32f4xx_hal_uart.o
    0x08009740   0x08009740   0x0000002a   Code   RO         6534    i.HAL_UART_Receive_DMA  stm32f4xx_hal_uart.o
    0x0800976a   0x0800976a   0x0000002a   Code   RO         6535    i.HAL_UART_Receive_IT  stm32f4xx_hal_uart.o
    0x08009794   0x08009794   0x0000008e   Code   RO         6536    i.HAL_UART_RegisterCallback  stm32f4xx_hal_uart.o
    0x08009822   0x08009822   0x00000042   Code   RO         6537    i.HAL_UART_RegisterRxEventCallback  stm32f4xx_hal_uart.o
    0x08009864   0x08009864   0x00000002   Code   RO         6538    i.HAL_UART_RxCpltCallback  stm32f4xx_hal_uart.o
    0x08009866   0x08009866   0x00000002   Code   RO         6539    i.HAL_UART_RxHalfCpltCallback  stm32f4xx_hal_uart.o
    0x08009868   0x08009868   0x00000002   Code   RO         6543    i.HAL_UART_TxCpltCallback  stm32f4xx_hal_uart.o
    0x0800986a   0x0800986a   0x00000002   Code   RO         6544    i.HAL_UART_TxHalfCpltCallback  stm32f4xx_hal_uart.o
    0x0800986c   0x0800986c   0x00000002   Code   RO         1341    i.HardFault_Handler  stm32f4xx_it.o
    0x0800986e   0x0800986e   0x00000002   PAD
    0x08009870   0x08009870   0x0000000c   Code   RO         1342    i.I2C2_ER_IRQHandler  stm32f4xx_it.o
    0x0800987c   0x0800987c   0x0000000c   Code   RO         1343    i.I2C2_EV_IRQHandler  stm32f4xx_it.o
    0x08009888   0x08009888   0x0000000c   Code   RO         1344    i.I2C3_ER_IRQHandler  stm32f4xx_it.o
    0x08009894   0x08009894   0x0000000c   Code   RO         1345    i.I2C3_EV_IRQHandler  stm32f4xx_it.o
    0x080098a0   0x080098a0   0x000000bc   Code   RO         4283    i.I2C_DMAAbort      stm32f4xx_hal_i2c.o
    0x0800995c   0x0800995c   0x00000158   Code   RO         4286    i.I2C_ITError       stm32f4xx_hal_i2c.o
    0x08009ab4   0x08009ab4   0x000000d2   Code   RO         4288    i.I2C_MasterReceive_BTF  stm32f4xx_hal_i2c.o
    0x08009b86   0x08009b86   0x00000002   PAD
    0x08009b88   0x08009b88   0x000000e8   Code   RO         4289    i.I2C_MasterReceive_RXNE  stm32f4xx_hal_i2c.o
    0x08009c70   0x08009c70   0x00000082   Code   RO         4292    i.I2C_MasterTransmit_BTF  stm32f4xx_hal_i2c.o
    0x08009cf2   0x08009cf2   0x00000002   PAD
    0x08009cf4   0x08009cf4   0x000000b6   Code   RO         4293    i.I2C_MasterTransmit_TXE  stm32f4xx_hal_i2c.o
    0x08009daa   0x08009daa   0x00000002   PAD
    0x08009dac   0x08009dac   0x00000118   Code   RO         4294    i.I2C_Master_ADDR   stm32f4xx_hal_i2c.o
    0x08009ec4   0x08009ec4   0x0000008c   Code   RO         4295    i.I2C_Master_SB     stm32f4xx_hal_i2c.o
    0x08009f50   0x08009f50   0x000000a0   Code   RO         4296    i.I2C_MemoryTransmit_TXE_BTF  stm32f4xx_hal_i2c.o
    0x08009ff0   0x08009ff0   0x00000046   Code   RO         4299    i.I2C_Slave_ADDR    stm32f4xx_hal_i2c.o
    0x0800a036   0x0800a036   0x00000002   PAD
    0x0800a038   0x0800a038   0x00000084   Code   RO         4300    i.I2C_Slave_AF      stm32f4xx_hal_i2c.o
    0x0800a0bc   0x0800a0bc   0x0000015c   Code   RO         4301    i.I2C_Slave_STOPF   stm32f4xx_hal_i2c.o
    0x0800a218   0x0800a218   0x000000b4   Code   RO         9163    i.InitQueue         queue.o
    0x0800a2cc   0x0800a2cc   0x00000038   Code   RO         1182    i.IntToUnicode      usbd_desc.o
    0x0800a304   0x0800a304   0x00000064   Code   RO          425    i.MX_ADC1_Init      adc.o
    0x0800a368   0x0800a368   0x00000048   Code   RO          467    i.MX_CAN1_Init      can.o
    0x0800a3b0   0x0800a3b0   0x00000048   Code   RO          468    i.MX_CAN2_Init      can.o
    0x0800a3f8   0x0800a3f8   0x00000024   Code   RO          516    i.MX_CRC_Init       crc.o
    0x0800a41c   0x0800a41c   0x0000003c   Code   RO          558    i.MX_DAC_Init       dac.o
    0x0800a458   0x0800a458   0x000000ec   Code   RO          598    i.MX_DMA_Init       dma.o
    0x0800a544   0x0800a544   0x0000017c   Code   RO          399    i.MX_GPIO_Init      gpio.o
    0x0800a6c0   0x0800a6c0   0x00000040   Code   RO          624    i.MX_I2C2_Init      i2c.o
    0x0800a700   0x0800a700   0x00000040   Code   RO          625    i.MX_I2C3_Init      i2c.o
    0x0800a740   0x0800a740   0x00000024   Code   RO          672    i.MX_RNG_Init       rng.o
    0x0800a764   0x0800a764   0x00000038   Code   RO          714    i.MX_RTC_Init       rtc.o
    0x0800a79c   0x0800a79c   0x00000048   Code   RO          756    i.MX_SPI1_Init      spi.o
    0x0800a7e4   0x0800a7e4   0x00000048   Code   RO          757    i.MX_SPI2_Init      spi.o
    0x0800a82c   0x0800a82c   0x00000068   Code   RO          805    i.MX_TIM10_Init     tim.o
    0x0800a894   0x0800a894   0x000000f8   Code   RO          806    i.MX_TIM1_Init      tim.o
    0x0800a98c   0x0800a98c   0x00000098   Code   RO          807    i.MX_TIM4_Init      tim.o
    0x0800aa24   0x0800aa24   0x000000b8   Code   RO          808    i.MX_TIM5_Init      tim.o
    0x0800aadc   0x0800aadc   0x00000048   Code   RO          809    i.MX_TIM6_Init      tim.o
    0x0800ab24   0x0800ab24   0x00000048   Code   RO          810    i.MX_TIM7_Init      tim.o
    0x0800ab6c   0x0800ab6c   0x000000e8   Code   RO          811    i.MX_TIM8_Init      tim.o
    0x0800ac54   0x0800ac54   0x00000038   Code   RO          888    i.MX_USART1_UART_Init  usart.o
    0x0800ac8c   0x0800ac8c   0x00000044   Code   RO          889    i.MX_USART3_UART_Init  usart.o
    0x0800acd0   0x0800acd0   0x00000038   Code   RO          890    i.MX_USART6_UART_Init  usart.o
    0x0800ad08   0x0800ad08   0x00000054   Code   RO          940    i.MX_USB_DEVICE_Init  usb_device.o
    0x0800ad5c   0x0800ad5c   0x0000048a   Code   RO         9400    i.Mahony_AHRS_Update  mahony.o
    0x0800b1e6   0x0800b1e6   0x00000002   Code   RO         1346    i.MemManage_Handler  stm32f4xx_it.o
    0x0800b1e8   0x0800b1e8   0x00000028   Code   RO         7797    i.Motor_Init        motor.o
    0x0800b210   0x0800b210   0x00000030   Code   RO         7859    i.Motor_Send_Data   motor.o
    0x0800b240   0x0800b240   0x00000002   Code   RO         1347    i.NMI_Handler       stm32f4xx_it.o
    0x0800b242   0x0800b242   0x00000002   PAD
    0x0800b244   0x0800b244   0x0000000c   Code   RO         1348    i.OTG_FS_IRQHandler  stm32f4xx_it.o
    0x0800b250   0x0800b250   0x000000cc   Code   RO         1713    i.PCD_EP_OutXfrComplete_int  stm32f4xx_hal_pcd.o
    0x0800b31c   0x0800b31c   0x000000a2   Code   RO         1714    i.PCD_WriteEmptyTxFifo  stm32f4xx_hal_pcd.o
    0x0800b3be   0x0800b3be   0x00000002   PAD
    0x0800b3c0   0x0800b3c0   0x000000c4   Code   RO         9094    i.PID_Init          pid.o
    0x0800b484   0x0800b484   0x00000002   Code   RO         1349    i.PendSV_Handler    stm32f4xx_it.o
    0x0800b486   0x0800b486   0x00000002   PAD
    0x0800b488   0x0800b488   0x00000058   Code   RO         7804    i.Position_Update   motor.o
    0x0800b4e0   0x0800b4e0   0x00000048   Code   RO         4810    i.RTC_EnterInitMode  stm32f4xx_hal_rtc.o
    0x0800b528   0x0800b528   0x0000002a   Code   RO         4811    i.RTC_ExitInitMode  stm32f4xx_hal_rtc.o
    0x0800b552   0x0800b552   0x00000002   PAD
    0x0800b554   0x0800b554   0x00000060   Code   RO         8597    i.Reference_Init    reference.o
    0x0800b5b4   0x0800b5b4   0x00000024   Code   RO         8598    i.Reference_Rx_Callback  reference.o
    0x0800b5d8   0x0800b5d8   0x00000264   Code   RO         8599    i.Reference_Rx_Handle  reference.o
    0x0800b83c   0x0800b83c   0x00000020   Code   RO         8600    i.Reference_Timeout_Callback  reference.o
    0x0800b85c   0x0800b85c   0x00000130   Code   RO         9612    i.Remote_Control    robo_usb.o
    0x0800b98c   0x0800b98c   0x000000e0   Code   RO         9574    i.Robo_Middleware_Init  robo_common.o
    0x0800ba6c   0x0800ba6c   0x00000060   Code   RO         7324    i.SEML_CAN_Init     can_if.o
    0x0800bacc   0x0800bacc   0x000000d0   Code   RO         7325    i.SEML_CAN_RxCallback  can_if.o
    0x0800bb9c   0x0800bb9c   0x00000006   Code   RO         7326    i.SEML_CAN_Rxmessage_Register  can_if.o
    0x0800bba2   0x0800bba2   0x000000b6   Code   RO         7327    i.SEML_CAN_Send     can_if.o
    0x0800bc58   0x0800bc58   0x00000010   Code   RO         7414    i.SEML_GPIO_Pin_Input  gpio_if.o
    0x0800bc68   0x0800bc68   0x00000012   Code   RO         7416    i.SEML_GPIO_Pin_Reset  gpio_if.o
    0x0800bc7a   0x0800bc7a   0x00000012   Code   RO         7417    i.SEML_GPIO_Pin_Set  gpio_if.o
    0x0800bc8c   0x0800bc8c   0x00000074   Code   RO         7587    i.SEML_PWM_Init     pwm_if.o
    0x0800bd00   0x0800bd00   0x00000084   Code   RO         7588    i.SEML_PWM_Set_Duty  pwm_if.o
    0x0800bd84   0x0800bd84   0x0000005c   Code   RO         7589    i.SEML_PWM_Set_Frec  pwm_if.o
    0x0800bde0   0x0800bde0   0x00000006   Code   RO         7590    i.SEML_PWM_Start    pwm_if.o
    0x0800bde6   0x0800bde6   0x00000002   PAD
    0x0800bde8   0x0800bde8   0x0000007c   Code   RO         7639    i.SEML_SPI_Register  spi_if.o
    0x0800be64   0x0800be64   0x00000068   Code   RO         7641    i.SEML_SPI_TransmitReceive  spi_if.o
    0x0800becc   0x0800becc   0x0000003c   Code   RO         8386    i.SEML_Timer_Callback  timer.o
    0x0800bf08   0x0800bf08   0x0000009c   Code   RO         8387    i.SEML_Timer_Create  timer.o
    0x0800bfa4   0x0800bfa4   0x00000070   Code   RO         8388    i.SEML_Timer_Delete  timer.o
    0x0800c014   0x0800c014   0x00000038   Code   RO         8389    i.SEML_Timer_Reset  timer.o
    0x0800c04c   0x0800c04c   0x0000003c   Code   RO         8390    i.SEML_Timer_Start  timer.o
    0x0800c088   0x0800c088   0x000000b0   Code   RO         8022    i.SEML_UARTEx_RxEventCallback  uart_if.o
    0x0800c138   0x0800c138   0x00000080   Code   RO         8023    i.SEML_UART_Abort   uart_if.o
    0x0800c1b8   0x0800c1b8   0x000000b4   Code   RO         8024    i.SEML_UART_Init    uart_if.o
    0x0800c26c   0x0800c26c   0x000000b4   Code   RO         8025    i.SEML_UART_Receive  uart_if.o
    0x0800c320   0x0800c320   0x00000040   Code   RO         8026    i.SEML_UART_Register_Callback  uart_if.o
    0x0800c360   0x0800c360   0x000000dc   Code   RO         8027    i.SEML_UART_Rx_Complete_Callback  uart_if.o
    0x0800c43c   0x0800c43c   0x00000090   Code   RO         8029    i.SEML_UART_Tx_Complete_Callback  uart_if.o
    0x0800c4cc   0x0800c4cc   0x0000000c   Code   RO         1350    i.SPI1_IRQHandler   stm32f4xx_it.o
    0x0800c4d8   0x0800c4d8   0x0000000c   Code   RO         1351    i.SPI2_IRQHandler   stm32f4xx_it.o
    0x0800c4e4   0x0800c4e4   0x00000010   Code   RO         5225    i.SPI_DMAAbortOnError  stm32f4xx_hal_spi.o
    0x0800c4f4   0x0800c4f4   0x0000005c   Code   RO         5235    i.SPI_EndRxTransaction  stm32f4xx_hal_spi.o
    0x0800c550   0x0800c550   0x00000058   Code   RO         5236    i.SPI_EndRxTxTransaction  stm32f4xx_hal_spi.o
    0x0800c5a8   0x0800c5a8   0x000000b8   Code   RO         5241    i.SPI_WaitFlagStateUntilTimeout  stm32f4xx_hal_spi.o
    0x0800c660   0x0800c660   0x00000002   Code   RO         1352    i.SVC_Handler       stm32f4xx_it.o
    0x0800c662   0x0800c662   0x0000000a   Code   RO         7085    i.SWAPBYTE          usbd_ctlreq.o
    0x0800c66c   0x0800c66c   0x0000001c   Code   RO         8690    i.SupCapFdbData     supercap.o
    0x0800c688   0x0800c688   0x00000004   Code   RO         1353    i.SysTick_Handler   stm32f4xx_it.o
    0x0800c68c   0x0800c68c   0x00000094   Code   RO           14    i.SystemClock_Config  main.o
    0x0800c720   0x0800c720   0x00000010   Code   RO         6889    i.SystemInit        system_stm32f4xx.o
    0x0800c730   0x0800c730   0x0000000c   Code   RO         1354    i.TIM4_IRQHandler   stm32f4xx_it.o
    0x0800c73c   0x0800c73c   0x0000001c   Code   RO         1355    i.TIM6_DAC_IRQHandler  stm32f4xx_it.o
    0x0800c758   0x0800c758   0x0000000c   Code   RO         1356    i.TIM7_IRQHandler   stm32f4xx_it.o
    0x0800c764   0x0800c764   0x0000000c   Code   RO         1357    i.TIM8_TRG_COM_TIM14_IRQHandler  stm32f4xx_it.o
    0x0800c770   0x0800c770   0x000000c8   Code   RO         5606    i.TIM_Base_SetConfig  stm32f4xx_hal_tim.o
    0x0800c838   0x0800c838   0x000000f4   Code   RO         5607    i.TIM_CCxChannelCmd  stm32f4xx_hal_tim.o
    0x0800c92c   0x0800c92c   0x00000014   Code   RO         5617    i.TIM_ETR_SetConfig  stm32f4xx_hal_tim.o
    0x0800c940   0x0800c940   0x00000010   Code   RO         5618    i.TIM_ITRx_SetConfig  stm32f4xx_hal_tim.o
    0x0800c950   0x0800c950   0x000000e4   Code   RO         5619    i.TIM_OC1_SetConfig  stm32f4xx_hal_tim.o
    0x0800ca34   0x0800ca34   0x000000ec   Code   RO         5620    i.TIM_OC2_SetConfig  stm32f4xx_hal_tim.o
    0x0800cb20   0x0800cb20   0x000000ec   Code   RO         5621    i.TIM_OC3_SetConfig  stm32f4xx_hal_tim.o
    0x0800cc0c   0x0800cc0c   0x000000a4   Code   RO         5622    i.TIM_OC4_SetConfig  stm32f4xx_hal_tim.o
    0x0800ccb0   0x0800ccb0   0x0000006c   Code   RO         5623    i.TIM_ResetCallback  stm32f4xx_hal_tim.o
    0x0800cd1c   0x0800cd1c   0x00000022   Code   RO         5625    i.TIM_TI1_ConfigInputStage  stm32f4xx_hal_tim.o
    0x0800cd3e   0x0800cd3e   0x00000024   Code   RO         5627    i.TIM_TI2_ConfigInputStage  stm32f4xx_hal_tim.o
    0x0800cd62   0x0800cd62   0x00000014   Code   RO         8109    i.Task_List_Add     event_os.o
    0x0800cd76   0x0800cd76   0x0000001e   Code   RO         8110    i.Task_List_Del     event_os.o
    0x0800cd94   0x0800cd94   0x0000000c   Code   RO         6547    i.UART_DMAAbortOnError  stm32f4xx_hal_uart.o
    0x0800cda0   0x0800cda0   0x0000004c   Code   RO         6548    i.UART_DMAError     stm32f4xx_hal_uart.o
    0x0800cdec   0x0800cdec   0x0000007c   Code   RO         6549    i.UART_DMAReceiveCplt  stm32f4xx_hal_uart.o
    0x0800ce68   0x0800ce68   0x0000002a   Code   RO         6550    i.UART_DMARxAbortCallback  stm32f4xx_hal_uart.o
    0x0800ce92   0x0800ce92   0x00000014   Code   RO         6551    i.UART_DMARxHalfCplt  stm32f4xx_hal_uart.o
    0x0800cea6   0x0800cea6   0x0000002a   Code   RO         6554    i.UART_DMATxAbortCallback  stm32f4xx_hal_uart.o
    0x0800ced0   0x0800ced0   0x0000004e   Code   RO         6557    i.UART_EndRxTransfer  stm32f4xx_hal_uart.o
    0x0800cf1e   0x0800cf1e   0x0000001c   Code   RO         6558    i.UART_EndTxTransfer  stm32f4xx_hal_uart.o
    0x0800cf3a   0x0800cf3a   0x00000002   PAD
    0x0800cf3c   0x0800cf3c   0x0000004c   Code   RO         6559    i.UART_InitCallbacksToDefault  stm32f4xx_hal_uart.o
    0x0800cf88   0x0800cf88   0x000000c0   Code   RO         6560    i.UART_Receive_IT   stm32f4xx_hal_uart.o
    0x0800d048   0x0800d048   0x000001a0   Code   RO         6561    i.UART_SetConfig    stm32f4xx_hal_uart.o
    0x0800d1e8   0x0800d1e8   0x00000094   Code   RO         6562    i.UART_Start_Receive_DMA  stm32f4xx_hal_uart.o
    0x0800d27c   0x0800d27c   0x0000003a   Code   RO         6563    i.UART_Start_Receive_IT  stm32f4xx_hal_uart.o
    0x0800d2b6   0x0800d2b6   0x00000078   Code   RO         6564    i.UART_WaitOnFlagUntilTimeout  stm32f4xx_hal_uart.o
    0x0800d32e   0x0800d32e   0x00000002   PAD
    0x0800d330   0x0800d330   0x0000000c   Code   RO         1358    i.USART1_IRQHandler  stm32f4xx_it.o
    0x0800d33c   0x0800d33c   0x00000044   Code   RO         1359    i.USART3_IRQHandler  stm32f4xx_it.o
    0x0800d380   0x0800d380   0x0000000c   Code   RO         1360    i.USART6_IRQHandler  stm32f4xx_it.o
    0x0800d38c   0x0800d38c   0x00000076   Code   RO         7218    i.USBD_CDC_DataIn   usbd_cdc.o
    0x0800d402   0x0800d402   0x0000003c   Code   RO         7219    i.USBD_CDC_DataOut  usbd_cdc.o
    0x0800d43e   0x0800d43e   0x00000002   PAD
    0x0800d440   0x0800d440   0x00000090   Code   RO         7220    i.USBD_CDC_DeInit   usbd_cdc.o
    0x0800d4d0   0x0800d4d0   0x00000036   Code   RO         7221    i.USBD_CDC_EP0_RxReady  usbd_cdc.o
    0x0800d506   0x0800d506   0x00000002   PAD
    0x0800d508   0x0800d508   0x0000000c   Code   RO         7222    i.USBD_CDC_GetDeviceQualifierDescriptor  usbd_cdc.o
    0x0800d514   0x0800d514   0x0000003c   Code   RO         7223    i.USBD_CDC_GetFSCfgDesc  usbd_cdc.o
    0x0800d550   0x0800d550   0x00000040   Code   RO         7224    i.USBD_CDC_GetHSCfgDesc  usbd_cdc.o
    0x0800d590   0x0800d590   0x0000003c   Code   RO         7225    i.USBD_CDC_GetOtherSpeedCfgDesc  usbd_cdc.o
    0x0800d5cc   0x0800d5cc   0x00000118   Code   RO         7226    i.USBD_CDC_Init     usbd_cdc.o
    0x0800d6e4   0x0800d6e4   0x00000038   Code   RO         7227    i.USBD_CDC_ReceivePacket  usbd_cdc.o
    0x0800d71c   0x0800d71c   0x00000016   Code   RO         7228    i.USBD_CDC_RegisterInterface  usbd_cdc.o
    0x0800d732   0x0800d732   0x0000001a   Code   RO         7229    i.USBD_CDC_SetRxBuffer  usbd_cdc.o
    0x0800d74c   0x0800d74c   0x0000001e   Code   RO         7230    i.USBD_CDC_SetTxBuffer  usbd_cdc.o
    0x0800d76a   0x0800d76a   0x000000d4   Code   RO         7231    i.USBD_CDC_Setup    usbd_cdc.o
    0x0800d83e   0x0800d83e   0x00000002   PAD
    0x0800d840   0x0800d840   0x00000050   Code   RO         7232    i.USBD_CDC_TransmitPacket  usbd_cdc.o
    0x0800d890   0x0800d890   0x00000014   Code   RO         6926    i.USBD_ClrClassConfig  usbd_core.o
    0x0800d8a4   0x0800d8a4   0x00000004   Code   RO         6927    i.USBD_CoreFindEP   usbd_core.o
    0x0800d8a8   0x0800d8a8   0x00000004   Code   RO         6928    i.USBD_CoreFindIF   usbd_core.o
    0x0800d8ac   0x0800d8ac   0x00000010   Code   RO         7158    i.USBD_CtlContinueRx  usbd_ioreq.o
    0x0800d8bc   0x0800d8bc   0x00000010   Code   RO         7159    i.USBD_CtlContinueSendData  usbd_ioreq.o
    0x0800d8cc   0x0800d8cc   0x00000016   Code   RO         7086    i.USBD_CtlError     usbd_ctlreq.o
    0x0800d8e2   0x0800d8e2   0x0000001e   Code   RO         7160    i.USBD_CtlPrepareRx  usbd_ioreq.o
    0x0800d900   0x0800d900   0x00000016   Code   RO         7161    i.USBD_CtlReceiveStatus  usbd_ioreq.o
    0x0800d916   0x0800d916   0x0000001a   Code   RO         7162    i.USBD_CtlSendData  usbd_ioreq.o
    0x0800d930   0x0800d930   0x00000016   Code   RO         7163    i.USBD_CtlSendStatus  usbd_ioreq.o
    0x0800d946   0x0800d946   0x00000002   PAD
    0x0800d948   0x0800d948   0x00000020   Code   RO         1183    i.USBD_FS_ConfigStrDescriptor  usbd_desc.o
    0x0800d968   0x0800d968   0x0000000c   Code   RO         1184    i.USBD_FS_DeviceDescriptor  usbd_desc.o
    0x0800d974   0x0800d974   0x00000024   Code   RO         1185    i.USBD_FS_InterfaceStrDescriptor  usbd_desc.o
    0x0800d998   0x0800d998   0x0000000c   Code   RO         1186    i.USBD_FS_LangIDStrDescriptor  usbd_desc.o
    0x0800d9a4   0x0800d9a4   0x00000024   Code   RO         1187    i.USBD_FS_ManufacturerStrDescriptor  usbd_desc.o
    0x0800d9c8   0x0800d9c8   0x00000028   Code   RO         1188    i.USBD_FS_ProductStrDescriptor  usbd_desc.o
    0x0800d9f0   0x0800d9f0   0x00000038   Code   RO         1189    i.USBD_FS_SerialStrDescriptor  usbd_desc.o
    0x0800da28   0x0800da28   0x000000e6   Code   RO         7087    i.USBD_GetDescriptor  usbd_ctlreq.o
    0x0800db0e   0x0800db0e   0x0000003a   Code   RO         6930    i.USBD_GetEpDesc    usbd_core.o
    0x0800db48   0x0800db48   0x0000000e   Code   RO         6931    i.USBD_GetNextDesc  usbd_core.o
    0x0800db56   0x0800db56   0x00000048   Code   RO         7088    i.USBD_GetString    usbd_ctlreq.o
    0x0800db9e   0x0800db9e   0x00000018   Code   RO          988    i.USBD_Get_USB_Status  usbd_conf.o
    0x0800dbb6   0x0800dbb6   0x00000026   Code   RO         6932    i.USBD_Init         usbd_core.o
    0x0800dbdc   0x0800dbdc   0x00000012   Code   RO          989    i.USBD_LL_ClearStallEP  usbd_conf.o
    0x0800dbee   0x0800dbee   0x00000012   Code   RO          990    i.USBD_LL_CloseEP   usbd_conf.o
    0x0800dc00   0x0800dc00   0x000000b6   Code   RO         6933    i.USBD_LL_DataInStage  usbd_core.o
    0x0800dcb6   0x0800dcb6   0x0000008e   Code   RO         6934    i.USBD_LL_DataOutStage  usbd_core.o
    0x0800dd44   0x0800dd44   0x00000004   Code   RO         6935    i.USBD_LL_DevConnected  usbd_core.o
    0x0800dd48   0x0800dd48   0x0000001e   Code   RO         6936    i.USBD_LL_DevDisconnected  usbd_core.o
    0x0800dd66   0x0800dd66   0x00000008   Code   RO          994    i.USBD_LL_GetRxDataSize  usbd_conf.o
    0x0800dd6e   0x0800dd6e   0x00000002   PAD
    0x0800dd70   0x0800dd70   0x00000060   Code   RO          995    i.USBD_LL_Init      usbd_conf.o
    0x0800ddd0   0x0800ddd0   0x00000020   Code   RO          996    i.USBD_LL_IsStallEP  usbd_conf.o
    0x0800ddf0   0x0800ddf0   0x00000028   Code   RO         6937    i.USBD_LL_IsoINIncomplete  usbd_core.o
    0x0800de18   0x0800de18   0x00000028   Code   RO         6938    i.USBD_LL_IsoOUTIncomplete  usbd_core.o
    0x0800de40   0x0800de40   0x00000018   Code   RO          997    i.USBD_LL_OpenEP    usbd_conf.o
    0x0800de58   0x0800de58   0x00000012   Code   RO          998    i.USBD_LL_PrepareReceive  usbd_conf.o
    0x0800de6a   0x0800de6a   0x0000005c   Code   RO         6939    i.USBD_LL_Reset     usbd_core.o
    0x0800dec6   0x0800dec6   0x00000014   Code   RO         6940    i.USBD_LL_Resume    usbd_core.o
    0x0800deda   0x0800deda   0x0000001a   Code   RO         6941    i.USBD_LL_SOF       usbd_core.o
    0x0800def4   0x0800def4   0x00000006   Code   RO         6942    i.USBD_LL_SetSpeed  usbd_core.o
    0x0800defa   0x0800defa   0x00000012   Code   RO          999    i.USBD_LL_SetUSBAddress  usbd_conf.o
    0x0800df0c   0x0800df0c   0x00000060   Code   RO         6943    i.USBD_LL_SetupStage  usbd_core.o
    0x0800df6c   0x0800df6c   0x00000012   Code   RO         1000    i.USBD_LL_StallEP   usbd_conf.o
    0x0800df7e   0x0800df7e   0x00000012   Code   RO         1001    i.USBD_LL_Start     usbd_conf.o
    0x0800df90   0x0800df90   0x00000012   Code   RO         6944    i.USBD_LL_Suspend   usbd_core.o
    0x0800dfa2   0x0800dfa2   0x00000012   Code   RO         1003    i.USBD_LL_Transmit  usbd_conf.o
    0x0800dfb4   0x0800dfb4   0x0000002c   Code   RO         7089    i.USBD_ParseSetupRequest  usbd_ctlreq.o
    0x0800dfe0   0x0800dfe0   0x0000003a   Code   RO         6945    i.USBD_RegisterClass  usbd_core.o
    0x0800e01a   0x0800e01a   0x00000014   Code   RO         6947    i.USBD_SetClassConfig  usbd_core.o
    0x0800e02e   0x0800e02e   0x00000002   PAD
    0x0800e030   0x0800e030   0x000000b8   Code   RO         7090    i.USBD_SetConfig    usbd_ctlreq.o
    0x0800e0e8   0x0800e0e8   0x00000004   Code   RO         6948    i.USBD_Start        usbd_core.o
    0x0800e0ec   0x0800e0ec   0x0000012c   Code   RO         7091    i.USBD_StdDevReq    usbd_ctlreq.o
    0x0800e218   0x0800e218   0x00000160   Code   RO         7092    i.USBD_StdEPReq     usbd_ctlreq.o
    0x0800e378   0x0800e378   0x00000072   Code   RO         7093    i.USBD_StdItfReq    usbd_ctlreq.o
    0x0800e3ea   0x0800e3ea   0x00000002   Code   RO         1004    i.USBD_static_free  usbd_conf.o
    0x0800e3ec   0x0800e3ec   0x00000008   Code   RO         1005    i.USBD_static_malloc  usbd_conf.o
    0x0800e3f4   0x0800e3f4   0x00000080   Code   RO         1959    i.USB_ActivateEndpoint  stm32f4xx_ll_usb.o
    0x0800e474   0x0800e474   0x0000001c   Code   RO         1961    i.USB_ActivateSetup  stm32f4xx_ll_usb.o
    0x0800e490   0x0800e490   0x00000074   Code   RO         1963    i.USB_CoreInit      stm32f4xx_ll_usb.o
    0x0800e504   0x0800e504   0x00000040   Code   RO         1964    i.USB_CoreReset     stm32f4xx_ll_usb.o
    0x0800e544   0x0800e544   0x000000cc   Code   RO         1967    i.USB_DeactivateEndpoint  stm32f4xx_ll_usb.o
    0x0800e610   0x0800e610   0x0000001c   Code   RO         1968    i.USB_DevConnect    stm32f4xx_ll_usb.o
    0x0800e62c   0x0800e62c   0x0000001c   Code   RO         1969    i.USB_DevDisconnect  stm32f4xx_ll_usb.o
    0x0800e648   0x0800e648   0x00000174   Code   RO         1970    i.USB_DevInit       stm32f4xx_ll_usb.o
    0x0800e7bc   0x0800e7bc   0x0000000c   Code   RO         1971    i.USB_DisableGlobalInt  stm32f4xx_ll_usb.o
    0x0800e7c8   0x0800e7c8   0x0000011c   Code   RO         1974    i.USB_EP0StartXfer  stm32f4xx_ll_usb.o
    0x0800e8e4   0x0800e8e4   0x00000058   Code   RO         1975    i.USB_EP0_OutStart  stm32f4xx_ll_usb.o
    0x0800e93c   0x0800e93c   0x00000058   Code   RO         1976    i.USB_EPClearStall  stm32f4xx_ll_usb.o
    0x0800e994   0x0800e994   0x00000058   Code   RO         1977    i.USB_EPSetStall    stm32f4xx_ll_usb.o
    0x0800e9ec   0x0800e9ec   0x000001e4   Code   RO         1978    i.USB_EPStartXfer   stm32f4xx_ll_usb.o
    0x0800ebd0   0x0800ebd0   0x0000009e   Code   RO         1979    i.USB_EPStopXfer    stm32f4xx_ll_usb.o
    0x0800ec6e   0x0800ec6e   0x0000000c   Code   RO         1980    i.USB_EnableGlobalInt  stm32f4xx_ll_usb.o
    0x0800ec7a   0x0800ec7a   0x00000002   PAD
    0x0800ec7c   0x0800ec7c   0x0000003c   Code   RO         1981    i.USB_FlushRxFifo   stm32f4xx_ll_usb.o
    0x0800ecb8   0x0800ecb8   0x00000040   Code   RO         1982    i.USB_FlushTxFifo   stm32f4xx_ll_usb.o
    0x0800ecf8   0x0800ecf8   0x0000001a   Code   RO         1984    i.USB_GetDevSpeed   stm32f4xx_ll_usb.o
    0x0800ed12   0x0800ed12   0x00000008   Code   RO         1986    i.USB_GetMode       stm32f4xx_ll_usb.o
    0x0800ed1a   0x0800ed1a   0x00000002   PAD
    0x0800ed1c   0x0800ed1c   0x00000024   Code   RO         9613    i.USB_Init          robo_usb.o
    0x0800ed40   0x0800ed40   0x0000000e   Code   RO         1993    i.USB_ReadDevAllInEpInterrupt  stm32f4xx_ll_usb.o
    0x0800ed4e   0x0800ed4e   0x0000000e   Code   RO         1994    i.USB_ReadDevAllOutEpInterrupt  stm32f4xx_ll_usb.o
    0x0800ed5c   0x0800ed5c   0x00000024   Code   RO         1995    i.USB_ReadDevInEPInterrupt  stm32f4xx_ll_usb.o
    0x0800ed80   0x0800ed80   0x00000010   Code   RO         1996    i.USB_ReadDevOutEPInterrupt  stm32f4xx_ll_usb.o
    0x0800ed90   0x0800ed90   0x00000008   Code   RO         1997    i.USB_ReadInterrupts  stm32f4xx_ll_usb.o
    0x0800ed98   0x0800ed98   0x0000003e   Code   RO         1998    i.USB_ReadPacket    stm32f4xx_ll_usb.o
    0x0800edd6   0x0800edd6   0x0000005c   Code   RO         2000    i.USB_SetCurrentMode  stm32f4xx_ll_usb.o
    0x0800ee32   0x0800ee32   0x00000022   Code   RO         2001    i.USB_SetDevAddress  stm32f4xx_ll_usb.o
    0x0800ee54   0x0800ee54   0x000000e8   Code   RO         2003    i.USB_SetTurnaroundTime  stm32f4xx_ll_usb.o
    0x0800ef3c   0x0800ef3c   0x00000064   Code   RO         9614    i.USB_Task          robo_usb.o
    0x0800efa0   0x0800efa0   0x00000028   Code   RO         2006    i.USB_WritePacket   stm32f4xx_ll_usb.o
    0x0800efc8   0x0800efc8   0x00000060   Code   RO         9615    i.USB_receive       robo_usb.o
    0x0800f028   0x0800f028   0x00000002   Code   RO         1361    i.UsageFault_Handler  stm32f4xx_it.o
    0x0800f02a   0x0800f02a   0x00000030   Code   RO         9996    i.__ARM_fpclassify  m_wm.l(fpclassify.o)
    0x0800f05a   0x0800f05a   0x00000026   Code   RO         9998    i.__ARM_fpclassifyf  m_wm.l(fpclassifyf.o)
    0x0800f080   0x0800f080   0x00000012   Code   RO         8751    i.__ARM_isinff      math_common.o
    0x0800f092   0x0800f092   0x00000012   Code   RO         9401    i.__ARM_isinff      mahony.o
    0x0800f0a4   0x0800f0a4   0x0000000c   Code   RO         8752    i.__ARM_isnanf      math_common.o
    0x0800f0b0   0x0800f0b0   0x0000000c   Code   RO         9402    i.__ARM_isnanf      mahony.o
    0x0800f0bc   0x0800f0bc   0x0000003e   Code   RO         7329    i.__CAN_Filter_Config  can_if.o
    0x0800f0fa   0x0800f0fa   0x00000020   Code   RO         3035    i.__NVIC_SetPriority  stm32f4xx_hal_cortex.o
    0x0800f11a   0x0800f11a   0x00000002   PAD
    0x0800f11c   0x0800f11c   0x0000012c   Code   RO         9827    i.__hardfp_asinf    m_wm.l(asinf.o)
    0x0800f248   0x0800f248   0x00000358   Code   RO         9851    i.__hardfp_exp      m_wm.l(exp.o)
    0x0800f5a0   0x0800f5a0   0x00000c50   Code   RO         9865    i.__hardfp_pow      m_wm.l(pow.o)
    0x080101f0   0x080101f0   0x0000007a   Code   RO         9879    i.__hardfp_sqrt     m_wm.l(sqrt.o)
    0x0801026a   0x0801026a   0x000000f8   Code   RO        10014    i.__kernel_poly     m_wm.l(poly.o)
    0x08010362   0x08010362   0x00000006   PAD
    0x08010368   0x08010368   0x00000030   Code   RO         9976    i.__mathlib_dbl_divzero  m_wm.l(dunder.o)
    0x08010398   0x08010398   0x00000014   Code   RO         9977    i.__mathlib_dbl_infnan  m_wm.l(dunder.o)
    0x080103ac   0x080103ac   0x00000014   Code   RO         9978    i.__mathlib_dbl_infnan2  m_wm.l(dunder.o)
    0x080103c0   0x080103c0   0x00000020   Code   RO         9979    i.__mathlib_dbl_invalid  m_wm.l(dunder.o)
    0x080103e0   0x080103e0   0x00000020   Code   RO         9980    i.__mathlib_dbl_overflow  m_wm.l(dunder.o)
    0x08010400   0x08010400   0x00000020   Code   RO         9982    i.__mathlib_dbl_underflow  m_wm.l(dunder.o)
    0x08010420   0x08010420   0x00000006   Code   RO        10001    i.__mathlib_flt_infnan  m_wm.l(funder.o)
    0x08010426   0x08010426   0x00000002   PAD
    0x08010428   0x08010428   0x00000010   Code   RO        10003    i.__mathlib_flt_invalid  m_wm.l(funder.o)
    0x08010438   0x08010438   0x00000010   Code   RO        10006    i.__mathlib_flt_underflow  m_wm.l(funder.o)
    0x08010448   0x08010448   0x00000002   Code   RO           15    i.assert_failed     main.o
    0x0801044a   0x0801044a   0x00000002   PAD
    0x0801044c   0x0801044c   0x0000008c   Code   RO         9616    i.auto_control      robo_usb.o
    0x080104d8   0x080104d8   0x00000018   Code   RO         9992    i.fabs              m_wm.l(fabs.o)
    0x080104f0   0x080104f0   0x0000002c   Code   RO         1619    i.get_CRC16_check_sum  crc8_crc16.o
    0x0801051c   0x0801051c   0x00000180   Code   RO           16    i.main              main.o
    0x0801069c   0x0801069c   0x00000094   Code   RO         8755    i.math_atan         math_common.o
    0x08010730   0x08010730   0x000000a8   Code   RO         8756    i.math_atan2        math_common.o
    0x080107d8   0x080107d8   0x00000074   Code   RO         8206    i.message_Data_Update  message.o
    0x0801084c   0x0801084c   0x0000002e   Code   RO         8207    i.message_Empty_Serach  message.o
    0x0801087a   0x0801087a   0x00000002   PAD
    0x0801087c   0x0801087c   0x00000068   Code   RO         8208    i.message_ID_Search  message.o
    0x080108e4   0x080108e4   0x000000a4   Code   RO         8210    i.message_List_Init  message.o
    0x08010988   0x08010988   0x00000178   Code   RO         8212    i.message_List_Register  message.o
    0x08010b00   0x08010b00   0x00000118   Code   RO         8213    i.message_List_Update  message.o
    0x08010c18   0x08010c18   0x00000078   Code   RO         8214    i.message_Oldest_Serach  message.o
    0x08010c90   0x08010c90   0x00000124   Code   RO         8762    i.negative_log      math_common.o
    0x08010db4   0x08010db4   0x00000084   Code   RO         9617    i.pause_control     robo_usb.o
    0x08010e38   0x08010e38   0x000000d0   Code   RO         9165    i.queue_reapply     queue.o
    0x08010f08   0x08010f08   0x0000002c   Code   RO         8603    i.ref_get_crc16     reference.o
    0x08010f34   0x08010f34   0x0000001c   Code   RO         8604    i.ref_get_crc8      reference.o
    0x08010f50   0x08010f50   0x0000003c   Code   RO         8605    i.ref_verify_crc16  reference.o
    0x08010f8c   0x08010f8c   0x00000026   Code   RO         8606    i.ref_verify_crc8   reference.o
    0x08010fb2   0x08010fb2   0x00000002   PAD
    0x08010fb4   0x08010fb4   0x0000014c   Code   RO         9618    i.send_decision     robo_usb.o
    0x08011100   0x08011100   0x0000006e   Code   RO         9881    i.sqrt              m_wm.l(sqrt.o)
    0x0801116e   0x0801116e   0x0000003e   Code   RO        10019    i.sqrtf             m_wm.l(sqrtf.o)
    0x080111ac   0x080111ac   0x00000018   Code   RO         9929    x$fpl$basic         fz_wm.l(basic.o)
    0x080111c4   0x080111c4   0x00000062   Code   RO         9813    x$fpl$d2f           fz_wm.l(d2f.o)
    0x08011226   0x08011226   0x00000002   PAD
    0x08011228   0x08011228   0x00000150   Code   RO         9931    x$fpl$dadd          fz_wm.l(daddsub_clz.o)
    0x08011378   0x08011378   0x00000010   Code   RO        10118    x$fpl$dcheck1       fz_wm.l(dcheck1.o)
    0x08011388   0x08011388   0x00000018   Code   RO        10120    x$fpl$dcmpinf       fz_wm.l(dcmpi.o)
    0x080113a0   0x080113a0   0x000002b0   Code   RO         9816    x$fpl$ddiv          fz_wm.l(ddiv.o)
    0x08011650   0x08011650   0x0000005e   Code   RO         9939    x$fpl$dfix          fz_wm.l(dfix.o)
    0x080116ae   0x080116ae   0x0000002e   Code   RO         9820    x$fpl$dflt          fz_wm.l(dflt_clz.o)
    0x080116dc   0x080116dc   0x00000078   Code   RO         9943    x$fpl$dleqf         fz_wm.l(dleqf.o)
    0x08011754   0x08011754   0x00000154   Code   RO         9945    x$fpl$dmul          fz_wm.l(dmul.o)
    0x080118a8   0x080118a8   0x0000009c   Code   RO         9947    x$fpl$dnaninf       fz_wm.l(dnaninf.o)
    0x08011944   0x08011944   0x0000000c   Code   RO         9949    x$fpl$dretinf       fz_wm.l(dretinf.o)
    0x08011950   0x08011950   0x0000006c   Code   RO         9951    x$fpl$drleqf        fz_wm.l(drleqf.o)
    0x080119bc   0x080119bc   0x00000016   Code   RO         9932    x$fpl$drsb          fz_wm.l(daddsub_clz.o)
    0x080119d2   0x080119d2   0x00000002   PAD
    0x080119d4   0x080119d4   0x00000198   Code   RO         9953    x$fpl$dsqrt         fz_wm.l(dsqrt_umaal.o)
    0x08011b6c   0x08011b6c   0x000001d4   Code   RO         9933    x$fpl$dsub          fz_wm.l(daddsub_clz.o)
    0x08011d40   0x08011d40   0x00000056   Code   RO         9825    x$fpl$f2d           fz_wm.l(f2d.o)
    0x08011d96   0x08011d96   0x0000008c   Code   RO         9955    x$fpl$fnaninf       fz_wm.l(fnaninf.o)
    0x08011e22   0x08011e22   0x0000000a   Code   RO        10150    x$fpl$fpinit        fz_wm.l(fpinit.o)
    0x08011e2c   0x08011e2c   0x0000000a   Code   RO         9957    x$fpl$fretinf       fz_wm.l(fretinf.o)
    0x08011e36   0x08011e36   0x00000064   Code   RO        10152    x$fpl$retnan        fz_wm.l(retnan.o)
    0x08011e9a   0x08011e9a   0x0000005c   Code   RO         9959    x$fpl$scalbn        fz_wm.l(scalbn.o)
    0x08011ef6   0x08011ef6   0x00000030   Code   RO        10193    x$fpl$trapveneer    fz_wm.l(trapv.o)
    0x08011f26   0x08011f26   0x00000000   Code   RO         9961    x$fpl$usenofp       fz_wm.l(usenofp.o)
    0x08011f26   0x08011f26   0x00000300   Data   RO         1624    .constdata          crc8_crc16.o
    0x08012226   0x08012226   0x00000008   Data   RO         2752    .constdata          stm32f4xx_hal_dma.o
    0x0801222e   0x0801222e   0x00000010   Data   RO         6890    .constdata          system_stm32f4xx.o
    0x0801223e   0x0801223e   0x00000008   Data   RO         6891    .constdata          system_stm32f4xx.o
    0x08012246   0x08012246   0x00000008   Data   RO         8478    .constdata          dji_motor.o
    0x0801224e   0x0801224e   0x00000002   PAD
    0x08012250   0x08012250   0x00000010   Data   RO         8479    .constdata          dji_motor.o
    0x08012260   0x08012260   0x00000300   Data   RO         8608    .constdata          reference.o
    0x08012560   0x08012560   0x00000058   Data   RO         9854    .constdata          m_wm.l(exp.o)
    0x080125b8   0x080125b8   0x00000088   Data   RO         9868    .constdata          m_wm.l(pow.o)
    0x08012640   0x08012640   0x00000008   Data   RO        10016    .constdata          m_wm.l(qnan.o)
    0x08012648   0x08012648   0x0000001c   Data   RO         7805    .conststring        motor.o
    0x08012664   0x08012664   0x00000025   Data   RO         8215    .conststring        message.o
    0x08012689   0x08012689   0x00000003   PAD
    0x0801268c   0x0801268c   0x00000020   Data   RO        10223    Region$$Table       anon$$obj.o


    Execution Region RW_IRAM1 (Exec base: 0x20000000, Load base: 0x080126ac, Size: 0x0000e758, Max: 0x0001c000, ABSOLUTE, COMPRESSED[0x00000100])

    Exec Addr    Load Addr    Size         Type   Attr      Idx    E Section Name        Object

    0x20000000   COMPRESSED   0x00000004   Data   RW          470    .data               can.o
    0x20000004   COMPRESSED   0x00000008   Data   RW          517    .data               crc.o
    0x2000000c   COMPRESSED   0x0000001c   Data   RW         1191    .data               usbd_desc.o
    0x20000028   COMPRESSED   0x00000032   Data   RW         1192    .data               usbd_desc.o
    0x2000005a   COMPRESSED   0x00000002   PAD
    0x2000005c   COMPRESSED   0x00000014   Data   RW         1274    .data               usbd_cdc_if.o
    0x20000070   COMPRESSED   0x0000000c   Data   RW         3179    .data               stm32f4xx_hal.o
    0x2000007c   COMPRESSED   0x00000004   Data   RW         6892    .data               system_stm32f4xx.o
    0x20000080   COMPRESSED   0x00000001   Data   RW         7094    .data               usbd_ctlreq.o
    0x20000081   COMPRESSED   0x00000003   PAD
    0x20000084   COMPRESSED   0x00000053   Data   RW         7233    .data               usbd_cdc.o
    0x200000d7   COMPRESSED   0x00000001   PAD
    0x200000d8   COMPRESSED   0x00000038   Data   RW         7234    .data               usbd_cdc.o
    0x20000110   COMPRESSED   0x00000010   Data   RW         7330    .data               can_if.o
    0x20000120   COMPRESSED   0x00000004   Data   RW         7687    .data               button.o
    0x20000124   COMPRESSED   0x00000004   Data   RW         7738    .data               buzzer.o
    0x20000128   COMPRESSED   0x0000003c   Data   RW         7885    .data               bmi088driver.o
    0x20000164   COMPRESSED   0x00000004   Data   RW         8030    .data               uart_if.o
    0x20000168   COMPRESSED   0x00000004   Data   RW         8112    .data               event_os.o
    0x2000016c   COMPRESSED   0x00000004   Data   RW         8392    .data               timer.o
    0x20000170   COMPRESSED   0x00000001   Data   RW         8446    .data               seml_common.o
    0x20000171   COMPRESSED   0x00000003   PAD
    0x20000174   COMPRESSED   0x00000078   Data   RW         8548    .data               dr16_remote.o
    0x200001ec   COMPRESSED   0x0000000c   Data   RW         8609    .data               reference.o
    0x200001f8   COMPRESSED   0x00000004   Data   RW         8693    .data               supercap.o
    0x200001fc   COMPRESSED   0x00000001   Data   RW         8764    .data               math_common.o
    0x200001fd   COMPRESSED   0x00000003   PAD
    0x20000200   COMPRESSED   0x00000004   Data   RW         9338    .data               ahrs.o
    0x20000204   COMPRESSED   0x0000000c   Data   RW         9405    .data               mahony.o
    0x20000210   COMPRESSED   0x0000000c   Data   RW         9524    .data               robo_chassis.o
    0x2000021c   COMPRESSED   0x00000006   Data   RW         9576    .data               robo_common.o
    0x20000222   COMPRESSED   0x00000001   Data   RW         9622    .data               robo_usb.o
    0x20000223   COMPRESSED   0x00000001   PAD
    0x20000224        -       0x00000234   Zero   RW           17    .bss                main.o
    0x20000458        -       0x000000a8   Zero   RW          426    .bss                adc.o
    0x20000500        -       0x000000c8   Zero   RW          469    .bss                can.o
    0x200005c8        -       0x00000014   Zero   RW          559    .bss                dac.o
    0x200005dc        -       0x00000168   Zero   RW          626    .bss                i2c.o
    0x20000744        -       0x00000010   Zero   RW          673    .bss                rng.o
    0x20000754        -       0x00000020   Zero   RW          715    .bss                rtc.o
    0x20000774        -       0x00000230   Zero   RW          758    .bss                spi.o
    0x200009a4        -       0x000004ec   Zero   RW          812    .bss                tim.o
    0x20000e90        -       0x0000033c   Zero   RW          891    .bss                usart.o
    0x200011cc        -       0x000002dc   Zero   RW          941    .bss                usb_device.o
    0x200014a8        -       0x0000072c   Zero   RW         1006    .bss                usbd_conf.o
    0x20001bd4        -       0x00000200   Zero   RW         1190    .bss                usbd_desc.o
    0x20001dd4        -       0x00001000   Zero   RW         1273    .bss                usbd_cdc_if.o
    0x20002dd4        -       0x00000020   Zero   RW         2436    .bss                stm32f4xx_hal_flash.o
    0x20002df4        -       0x00000020   Zero   RW         8111    .bss                event_os.o
    0x20002e14        -       0x000000a0   Zero   RW         8477    .bss                dji_motor.o
    0x20002eb4        -       0x00000064   Zero   RW         8607    .bss                reference.o
    0x20002f18        -       0x0000000c   Zero   RW         8692    .bss                supercap.o
    0x20002f24        -       0x0000000c   Zero   RW         9337    .bss                ahrs.o
    0x20002f30        -       0x00000484   Zero   RW         9523    .bss                robo_chassis.o
    0x200033b4        -       0x00000f40   Zero   RW         9575    .bss                robo_common.o
    0x200042f4        -       0x00000404   Zero   RW         9619    .bss                robo_usb.o
    0x200046f8        -       0x00000060   Zero   RW        10030    .bss                c_w.l(libspace.o)
    0x20004758        -       0x00005000   Zero   RW            2    HEAP                startup_stm32f407xx.o
    0x20009758        -       0x00005000   Zero   RW            1    STACK               startup_stm32f407xx.o


    Execution Region RW_IRAM2 (Exec base: 0x2001c000, Load base: 0x080127ac, Size: 0x00000000, Max: 0x00004000, ABSOLUTE)

    **** No section assigned to this execution region ****


==============================================================================

Image component sizes


      Code (inc. data)   RO Data    RW Data    ZI Data      Debug   Object Name

       196         28          0          0        168       1747   adc.o
       766         42          0          4         12       5008   ahrs.o
      1164         14          0         60          0      12403   bmi088driver.o
       576         76          0          4          0       4686   button.o
       406         24          0          4          0       4984   buzzer.o
       396         46          0          4        200       2578   can.o
       554         48          0         16          0       7363   can_if.o
         0          0          0          0          0       1814   chassis_power_control.o
        76         18          0          8          0       1607   crc.o
        44          6        768          0          0       1610   crc8_crc16.o
       172         22          0          0         20       1755   dac.o
       884        192         24          0        160       8014   dji_motor.o
       236          4          0          0          0        938   dma.o
       408         10          0        120          0       4914   dr16_remote.o
       922        190          0          4         32       8291   event_os.o
       380         20          0          0          0       1255   gpio.o
        52          0          0          0          0       2800   gpio_if.o
       528         62          0          0        360       2716   i2c.o
      1192         16          0         12          0       4027   mahony.o
       538         84          0          0        564     794957   main.o
      1698         94          0          1          0      15036   math_common.o
      1450        218         37          0          0      11574   message.o
       176         20         28          0          0       3697   motor.o
       540         80          0          0          0       4338   pid.o
       346        124          0          0          0       3881   pwm_if.o
       792        180          0          0          0       5227   queue.o
       946         42        768         12        100      14927   reference.o
        76         18          0          0         16       1607   rng.o
       420         44          0         12       1156       5119   robo_chassis.o
       428        118          0          6       3904       3570   robo_common.o
      1140        294          0          1       1028      14003   robo_usb.o
       116         22          0          0         32       1639   rtc.o
         0          0          0          1          0        265   seml_common.o
       632         52          0          0        560       2910   spi.o
       228         80          0          0          0       2827   spi_if.o
        64         26        392          0      40960        872   startup_stm32f407xx.o
       180         28          0         12          0       9637   stm32f4xx_hal.o
      1388        214          0          0          0       3183   stm32f4xx_hal_adc.o
      2942        376          0          0          0      16930   stm32f4xx_hal_can.o
       460        196          0          0          0      34299   stm32f4xx_hal_cortex.o
       112         62          0          0          0       1115   stm32f4xx_hal_crc.o
       442        120          0          0          0       3397   stm32f4xx_hal_dac.o
         2          0          0          0          0       1011   stm32f4xx_hal_dac_ex.o
      1708        138          8          0          0       9024   stm32f4xx_hal_dma.o
       312         18          0          0         32       2898   stm32f4xx_hal_flash.o
       304         72          0          0          0       1501   stm32f4xx_hal_flash_ex.o
       986        238          0          0          0       4411   stm32f4xx_hal_gpio.o
      3830        126          0          0          0      23593   stm32f4xx_hal_i2c.o
        64          4          0          0          0        914   stm32f4xx_hal_msp.o
      2724         74          0          0          0      14156   stm32f4xx_hal_pcd.o
        78          0          0          0          0       2521   stm32f4xx_hal_pcd_ex.o
      1956        194          0          0          0       6128   stm32f4xx_hal_rcc.o
       764        200          0          0          0       1484   stm32f4xx_hal_rcc_ex.o
       128         62          0          0          0       1147   stm32f4xx_hal_rng.o
       512         66          0          0          0       3763   stm32f4xx_hal_rtc.o
      2556        200          0          0          0      11131   stm32f4xx_hal_spi.o
      6266       1360          0          0          0      26600   stm32f4xx_hal_tim.o
       670        162          0          0          0       4176   stm32f4xx_hal_tim_ex.o
      3550        240          0          0          0      27131   stm32f4xx_hal_uart.o
       450        178          0          0          0      20310   stm32f4xx_it.o
      2888        134          0          0          0      24919   stm32f4xx_ll_usb.o
        28          0          0          4         12       4864   supercap.o
        16          4         24          4          0       1191   system_stm32f4xx.o
      1640        150          0          0       1260       7408   tim.o
       444        158          0          4          0       5165   timer.o
      1092        334          0          4          0       9092   uart_if.o
       800         80          0          0        828       3783   usart.o
        84         18          0          0        732        836   usb_device.o
      1278         36          0        139          0      14937   usbd_cdc.o
       112         22          0         20       4096       3541   usbd_cdc_if.o
       644         24          0          0       1836      16820   usbd_conf.o
       916          0          0          0          0      16111   usbd_core.o
      1328         28          0          1          0      15212   usbd_ctlreq.o
       280         96          0         78        512       6201   usbd_desc.o
       132          0          0          0          0       4736   usbd_ioreq.o

    ----------------------------------------------------------------------
     62686       7726       2086        548      58580    1330235   Object Totals
         0          0         32          0          0          0   (incl. Generated)
        78          0          5         13          0          0   (incl. Padding)

    ----------------------------------------------------------------------

      Code (inc. data)   RO Data    RW Data    ZI Data      Debug   Library Member Name

        90          0          0          0          0          0   __dczerorl2.o
         8          0          0          0          0         68   __main.o
         0          0          0          0          0          0   __rtentry.o
        12          0          0          0          0          0   __rtentry2.o
         6          0          0          0          0          0   __rtentry4.o
        52          8          0          0          0          0   __scatter.o
        28          0          0          0          0          0   __scatter_zi.o
        22          0          0          0          0        100   _rserrno.o
        40          0          0          0          0         80   calloc.o
        10          0          0          0          0         68   defsig_exit.o
        50          0          0          0          0         88   defsig_general.o
        80         58          0          0          0         76   defsig_rtmem_inner.o
        14          0          0          0          0         80   defsig_rtmem_outer.o
        18          0          0          0          0         80   exit.o
        94          0          0          0          0         80   h1_alloc.o
        52          0          0          0          0         68   h1_extend.o
        78          0          0          0          0         80   h1_free.o
        14          0          0          0          0         84   h1_init.o
       184          0          0          0          0         92   h1_realloc.o
         6          0          0          0          0        152   heapauxi.o
         4          0          0          0          0        136   hguard.o
         0          0          0          0          0          0   indicate_semi.o
       138          0          0          0          0        168   init_alloc.o
         2          0          0          0          0          0   libinit.o
        14          0          0          0          0          0   libinit2.o
         2          0          0          0          0          0   libshutdown.o
         2          0          0          0          0          0   libshutdown2.o
         8          4          0          0         96         68   libspace.o
       238          0          0          0          0        100   lludivv7m.o
         0          0          0          0          0          0   maybetermalloc1.o
         8          4          0          0          0         68   rt_errno_addr_intlibspace.o
         8          4          0          0          0         68   rt_heap_descriptor_intlibspace.o
        68          0          0          0          0         68   rt_memclr.o
        78          0          0          0          0         80   rt_memclr_w.o
       138          0          0          0          0         68   rt_memcpy_v6.o
       100          0          0          0          0         80   rt_memcpy_w.o
         2          0          0          0          0          0   rtexit.o
        10          0          0          0          0          0   rtexit2.o
        12          4          0          0          0         68   sys_exit.o
        74          0          0          0          0         80   sys_stackheap_outer.o
        14          0          0          0          0         76   sys_wrch.o
         2          0          0          0          0         68   use_no_semi.o
        24          0          0          0          0        164   basic.o
        98          4          0          0          0        140   d2f.o
       826         16          0          0          0        492   daddsub_clz.o
        16          4          0          0          0        116   dcheck1.o
        24          0          0          0          0        116   dcmpi.o
       688        140          0          0          0        256   ddiv.o
        94          4          0          0          0        140   dfix.o
        46          0          0          0          0        116   dflt_clz.o
       120          4          0          0          0        140   dleqf.o
       340         12          0          0          0        152   dmul.o
       156          4          0          0          0        140   dnaninf.o
        12          0          0          0          0        116   dretinf.o
       108          0          0          0          0        128   drleqf.o
       408         56          0          0          0        168   dsqrt_umaal.o
        86          4          0          0          0        132   f2d.o
       140          4          0          0          0        132   fnaninf.o
        10          0          0          0          0        116   fpinit.o
        10          0          0          0          0        116   fretinf.o
       100          0          0          0          0        116   retnan.o
        92          0          0          0          0        116   scalbn.o
        48          0          0          0          0        116   trapv.o
         0          0          0          0          0          0   usenofp.o
       300         42          0          0          0        176   asinf.o
       184         44          0          0          0        744   dunder.o
       856        142         88          0          0        288   exp.o
        24          0          0          0          0        124   fabs.o
        48          0          0          0          0        124   fpclassify.o
        38          0          0          0          0        116   fpclassifyf.o
        38         12          0          0          0        348   funder.o
       248          0          0          0          0        152   poly.o
      3152        296        136          0          0        352   pow.o
         0          0          8          0          0          0   qnan.o
       232          0          0          0          0        296   sqrt.o
        62          0          0          0          0        136   sqrtf.o

    ----------------------------------------------------------------------
     10432        870        232          0         96       8476   Library Totals
        24          0          0          0          0          0   (incl. Padding)

    ----------------------------------------------------------------------

      Code (inc. data)   RO Data    RW Data    ZI Data      Debug   Library Name

      1780         82          0          0         96       2392   c_w.l
      3446        252          0          0          0       3228   fz_wm.l
      5182        536        232          0          0       2856   m_wm.l

    ----------------------------------------------------------------------
     10432        870        232          0         96       8476   Library Totals

    ----------------------------------------------------------------------

==============================================================================


      Code (inc. data)   RO Data    RW Data    ZI Data      Debug   

     73118       8596       2318        548      58676    1283311   Grand Totals
     73118       8596       2318        256      58676    1283311   ELF Image Totals (compressed)
     73118       8596       2318        256          0          0   ROM Totals

==============================================================================

    Total RO  Size (Code + RO Data)                75436 (  73.67kB)
    Total RW  Size (RW Data + ZI Data)             59224 (  57.84kB)
    Total ROM Size (Code + RO Data + RW Data)      75692 (  73.92kB)

==============================================================================

